[2026-09-13T13:57:06.6418132+03:00] C:\Users\Alexandr\AppData\Local\Microsoft\WinGet\Packages\GodotEngine.GodotEngine_Microsoft.Winget.Source_8wekyb3d8bbwe\Godot_v4.7.2-stable_win64.exe --version
RuntimeRoot: E:\GPT\SM2\.local\skills-1\regression-development_scale
4.7.2.stable.official.ed1daf0bf


ExitCode: 0
[2026-09-13T13:57:06.6933933+03:00] C:\Users\Alexandr\AppData\Local\Microsoft\WinGet\Packages\GodotEngine.GodotEngine_Microsoft.Winget.Source_8wekyb3d8bbwe\Godot_v4.7.2-stable_win64.exe --headless --path E:\GPT\SM2 --editor --import
RuntimeRoot: E:\GPT\SM2\.local\skills-1\regression-development_scale
Godot Engine v4.7.2.stable.official.ed1daf0bf - https://godotengine.org

[   0% ] [90m[1mfirst_scan_filesystem[22m | Started Инициализация проекта (5 steps)[39m[0m
[   0% ] [90m[1mfirst_scan_filesystem[22m | Сканирование структуры файлов…[39m[0m
[  16% ] [90m[1mfirst_scan_filesystem[22m | Загрузка глобальных имен классов…[39m[0m
[  33% ] [90m[1mfirst_scan_filesystem[22m | Проверка GDExtensions…[39m[0m
[  50% ] [90m[1mfirst_scan_filesystem[22m | Создание скриптов автозагрузки…[39m[0m
[  66% ] [90m[1mfirst_scan_filesystem[22m | Инициализация плагинов…[39m[0m
[  83% ] [90m[1mfirst_scan_filesystem[22m | Начало сканирование файлов…[39m[0m
[92m[ DONE ][39m [1mfirst_scan_filesystem[22m
[0m
[   0% ] [90m[1mloading_editor_layout[22m | Started Загрузка редактора (5 steps)[39m[0m
[   0% ] [90m[1mloading_editor_layout[22m | Загрузка макета редактора…[39m[0m
[  16% ] [90m[1mloading_editor_layout[22m | Загрузка док-панели…[39m[0m
[92m[ DONE ][39m [1mloading_editor_layout[22m
[0m


ExitCode: 0
[2026-09-13T13:57:10.3304396+03:00] C:\Users\Alexandr\AppData\Local\Microsoft\WinGet\Packages\GodotEngine.GodotEngine_Microsoft.Winget.Source_8wekyb3d8bbwe\Godot_v4.7.2-stable_win64.exe --headless --path E:\GPT\SM2 --script res://tests/test_runner.gd -- --suite development_scale --report E:\GPT\SM2\.local\logs\checks-20260913-135706-488-651f8bf0.json
RuntimeRoot: E:\GPT\SM2\.local\skills-1\regression-development_scale
Godot Engine v4.7.2.stable.official.ed1daf0bf - https://godotengine.org

SCALE {"all_tracks_ms":1.671,"build_ms":3.15,"decode_ms":2.559,"nodes":100,"purchase_all_ms":1.806,"tracks":200,"unrelated_track_ms":0.019}
SCALE {"all_tracks_ms":2.469,"build_ms":15.397,"decode_ms":8.911,"nodes":1000,"purchase_all_ms":19.071,"tracks":200,"unrelated_track_ms":0.029}
SCALE {"all_tracks_ms":6.292,"build_ms":146.238,"decode_ms":77.393,"nodes":10000,"purchase_all_ms":211.596,"tracks":200,"unrelated_track_ms":0.03}
SCALE integration
SCALE combat started
SCALE combat step 0 65.027 ms
SCALE combat step 1 49.385 ms
SCALE combat step 2 50.194 ms
SCALE combat step 3 734.740 ms
SCALE combat settled
DEVELOPMENT_SCALE [{"all_tracks_ms":1.671,"build_ms":3.15,"decode_ms":2.559,"nodes":100,"purchase_all_ms":1.806,"tracks":200,"unrelated_track_ms":0.019},{"all_tracks_ms":2.469,"build_ms":15.397,"decode_ms":8.911,"nodes":1000,"purchase_all_ms":19.071,"tracks":200,"unrelated_track_ms":0.029},{"all_tracks_ms":6.292,"build_ms":146.238,"decode_ms":77.393,"nodes":10000,"purchase_all_ms":211.596,"tracks":200,"unrelated_track_ms":0.03},{"ms":5.87,"name":"large_view_first_page"},{"ms":485.359,"name":"large_campaign_save","owned_fixture_nodes":9985},{"ms":356.504,"name":"large_campaign_load"}]
SM2_TEST_REPORT {"checks":94,"engine_version":"4.7.2-stable (official)","failures":[],"passed":true,"suites":["development_scale"]}


ExitCode: 0
