[2026-09-13T12:40:35.5750436+03:00] C:\Users\Alexandr\AppData\Local\Microsoft\WinGet\Packages\GodotEngine.GodotEngine_Microsoft.Winget.Source_8wekyb3d8bbwe\Godot_v4.7.2-stable_win64.exe --version
RuntimeRoot: E:\GPT\SM2\.local\profile-1\core-development_scale
4.7.2.stable.official.ed1daf0bf


ExitCode: 0
[2026-09-13T12:40:35.6252968+03:00] C:\Users\Alexandr\AppData\Local\Microsoft\WinGet\Packages\GodotEngine.GodotEngine_Microsoft.Winget.Source_8wekyb3d8bbwe\Godot_v4.7.2-stable_win64.exe --headless --path E:\GPT\SM2 --editor --import
RuntimeRoot: E:\GPT\SM2\.local\profile-1\core-development_scale
Godot Engine v4.7.2.stable.official.ed1daf0bf - https://godotengine.org

[   0% ] [90m[1mfirst_scan_filesystem[22m | Started Инициализация проекта (5 steps)[39m[0m
[   0% ] [90m[1mfirst_scan_filesystem[22m | Сканирование структуры файлов…[39m[0m
[  16% ] [90m[1mfirst_scan_filesystem[22m | Загрузка глобальных имен классов…[39m[0m
[  33% ] [90m[1mfirst_scan_filesystem[22m | Проверка GDExtensions…[39m[0m
[  50% ] [90m[1mfirst_scan_filesystem[22m | Создание скриптов автозагрузки…[39m[0m
[  66% ] [90m[1mfirst_scan_filesystem[22m | Инициализация плагинов…[39m[0m
[  83% ] [90m[1mfirst_scan_filesystem[22m | Начало сканирование файлов…[39m[0m
[92m[ DONE ][39m [1mfirst_scan_filesystem[22m
[0m
[   0% ] [90m[1mloading_editor_layout[22m | Started Загрузка редактора (5 steps)[39m[0m
[   0% ] [90m[1mloading_editor_layout[22m | Загрузка макета редактора…[39m[0m
[  16% ] [90m[1mloading_editor_layout[22m | Загрузка док-панели…[39m[0m
[92m[ DONE ][39m [1mloading_editor_layout[22m
[0m


ExitCode: 0
[2026-09-13T12:40:39.6899963+03:00] C:\Users\Alexandr\AppData\Local\Microsoft\WinGet\Packages\GodotEngine.GodotEngine_Microsoft.Winget.Source_8wekyb3d8bbwe\Godot_v4.7.2-stable_win64.exe --headless --path E:\GPT\SM2 --script res://tests/test_runner.gd -- --suite development_scale --report E:\GPT\SM2\.local\logs\checks-20260913-124035-410-0e1a6c65.json
RuntimeRoot: E:\GPT\SM2\.local\profile-1\core-development_scale
Godot Engine v4.7.2.stable.official.ed1daf0bf - https://godotengine.org

SCALE {"all_tracks_ms":1.537,"build_ms":2.971,"decode_ms":2.199,"nodes":100,"purchase_all_ms":1.792,"tracks":200,"unrelated_track_ms":0.016}
SCALE {"all_tracks_ms":2.02,"build_ms":14.558,"decode_ms":8.544,"nodes":1000,"purchase_all_ms":19.0,"tracks":200,"unrelated_track_ms":0.022}
SCALE {"all_tracks_ms":5.984,"build_ms":141.931,"decode_ms":74.745,"nodes":10000,"purchase_all_ms":210.362,"tracks":200,"unrelated_track_ms":0.026}
SCALE integration
SCALE combat started
SCALE combat step 0 148.959 ms
SCALE combat step 1 140.120 ms
SCALE combat step 2 116.933 ms
SCALE combat step 3 1667.566 ms
SCALE combat settled
DEVELOPMENT_SCALE [{"all_tracks_ms":1.537,"build_ms":2.971,"decode_ms":2.199,"nodes":100,"purchase_all_ms":1.792,"tracks":200,"unrelated_track_ms":0.016},{"all_tracks_ms":2.02,"build_ms":14.558,"decode_ms":8.544,"nodes":1000,"purchase_all_ms":19.0,"tracks":200,"unrelated_track_ms":0.022},{"all_tracks_ms":5.984,"build_ms":141.931,"decode_ms":74.745,"nodes":10000,"purchase_all_ms":210.362,"tracks":200,"unrelated_track_ms":0.026},{"ms":10.212,"name":"large_view_first_page"},{"ms":1162.565,"name":"large_campaign_save","owned_fixture_nodes":9985},{"ms":775.948,"name":"large_campaign_load"}]
SM2_TEST_REPORT {"checks":94,"engine_version":"4.7.2-stable (official)","failures":[],"passed":true,"suites":["development_scale"]}


ExitCode: 0
