[2026-09-12T13:39:20.3370996+03:00] C:\Users\Alexandr\AppData\Local\Microsoft\WinGet\Packages\GodotEngine.GodotEngine_Microsoft.Winget.Source_8wekyb3d8bbwe\Godot_v4.7.2-stable_win64.exe --version
RuntimeRoot: E:\GPT\SM2\.local\loop1\export
4.7.2.stable.official.ed1daf0bf


ExitCode: 0
Local release template: E:\GPT\SM2\.local\loop1\export\appdata\Godot\export_templates\4.7.2.stable\windows_release_x86_64.exe
SHA256: D34D36F3BE1A6C49C56525AE86469B92E4F417DDF0B43CF00DD80C385C4B0562
[2026-09-12T13:39:20.6272842+03:00] C:\Users\Alexandr\AppData\Local\Microsoft\WinGet\Packages\GodotEngine.GodotEngine_Microsoft.Winget.Source_8wekyb3d8bbwe\Godot_v4.7.2-stable_win64.exe --headless --path E:\GPT\SM2 --editor --import
RuntimeRoot: E:\GPT\SM2\.local\loop1\export
Godot Engine v4.7.2.stable.official.ed1daf0bf - https://godotengine.org

[   0% ] [90m[1mfirst_scan_filesystem[22m | Started Инициализация проекта (5 steps)[39m[0m
[   0% ] [90m[1mfirst_scan_filesystem[22m | Сканирование структуры файлов…[39m[0m
[  16% ] [90m[1mfirst_scan_filesystem[22m | Загрузка глобальных имен классов…[39m[0m
[  33% ] [90m[1mfirst_scan_filesystem[22m | Проверка GDExtensions…[39m[0m
[  50% ] [90m[1mfirst_scan_filesystem[22m | Создание скриптов автозагрузки…[39m[0m
[  66% ] [90m[1mfirst_scan_filesystem[22m | Инициализация плагинов…[39m[0m
[  83% ] [90m[1mfirst_scan_filesystem[22m | Начало сканирование файлов…[39m[0m
[92m[ DONE ][39m [1mfirst_scan_filesystem[22m
[0m
[   0% ] [90m[1mloading_editor_layout[22m | Started Загрузка редактора (5 steps)[39m[0m
[   0% ] [90m[1mloading_editor_layout[22m | Загрузка макета редактора…[39m[0m
[  16% ] [90m[1mloading_editor_layout[22m | Загрузка док-панели…[39m[0m
[92m[ DONE ][39m [1mloading_editor_layout[22m
[0m


ExitCode: 0
[2026-09-12T13:39:23.9029032+03:00] C:\Users\Alexandr\AppData\Local\Microsoft\WinGet\Packages\GodotEngine.GodotEngine_Microsoft.Winget.Source_8wekyb3d8bbwe\Godot_v4.7.2-stable_win64.exe --headless --path E:\GPT\SM2 --export-release "Windows Desktop" E:\GPT\SM2\builds\SM2.exe
RuntimeRoot: E:\GPT\SM2\.local\loop1\export
Godot Engine v4.7.2.stable.official.ed1daf0bf - https://godotengine.org

[   0% ] [90m[1mfirst_scan_filesystem[22m | Started Инициализация проекта (5 steps)[39m[0m
[   0% ] [90m[1mfirst_scan_filesystem[22m | Сканирование структуры файлов…[39m[0m
[  16% ] [90m[1mfirst_scan_filesystem[22m | Загрузка глобальных имен классов…[39m[0m
[  33% ] [90m[1mfirst_scan_filesystem[22m | Проверка GDExtensions…[39m[0m
[  50% ] [90m[1mfirst_scan_filesystem[22m | Создание скриптов автозагрузки…[39m[0m
[  66% ] [90m[1mfirst_scan_filesystem[22m | Инициализация плагинов…[39m[0m
[  83% ] [90m[1mfirst_scan_filesystem[22m | Начало сканирование файлов…[39m[0m
[92m[ DONE ][39m [1mfirst_scan_filesystem[22m
[0m
[   0% ] [90m[1msavepack[22m | Started Упаковывание (102 steps)[39m[0m
[   1% ] [90m[1msavepack[22m | Сохранение файла: res://.godot/imported/figures-v1.png-a510a82f0351dd96ba27d3db28c0d187.ctex[39m[0m
[   1% ] [90m[1msavepack[22m | Сохранение файла: res://assets/art1/figures-v1.png.import[39m[0m
[   1% ] [90m[1msavepack[22m | Сохранение файла: res://.godot/imported/ground-v1.png-2695afeafc798880d22feb8986754d96.ctex[39m[0m
[   1% ] [90m[1msavepack[22m | Сохранение файла: res://assets/art1/ground-v1.png.import[39m[0m
[   1% ] [90m[1msavepack[22m | Сохранение файла: res://.godot/imported/bandage.svg-93639e2ec93990e373eed61cdebffff4.ctex[39m[0m
[   1% ] [90m[1msavepack[22m | Сохранение файла: res://assets/hud/bandage.svg.import[39m[0m
[   2% ] [90m[1msavepack[22m | Сохранение файла: res://.godot/imported/barrier.svg-33d5ba91b50772bb87427e2e2ba48c12.ctex[39m[0m
[   2% ] [90m[1msavepack[22m | Сохранение файла: res://assets/hud/barrier.svg.import[39m[0m
[   2% ] [90m[1msavepack[22m | Сохранение файла: res://.godot/imported/end_turn.svg-7620f805a4c6438c76c74f4056fc5ca3.ctex[39m[0m
[   2% ] [90m[1msavepack[22m | Сохранение файла: res://assets/hud/end_turn.svg.import[39m[0m
[   2% ] [90m[1msavepack[22m | Сохранение файла: res://.godot/imported/escape.svg-8ee5346f9412600e19037510d68716d2.ctex[39m[0m
[   2% ] [90m[1msavepack[22m | Сохранение файла: res://assets/hud/escape.svg.import[39m[0m
[   3% ] [90m[1msavepack[22m | Сохранение файла: res://.godot/imported/hand.svg-562e7706dd2196b5f53334b7e9a47229.ctex[39m[0m
[   3% ] [90m[1msavepack[22m | Сохранение файла: res://assets/hud/hand.svg.import[39m[0m
[   3% ] [90m[1msavepack[22m | Сохранение файла: res://.godot/imported/move.svg-bd4e020510c56a56de8831877e83df77.ctex[39m[0m
[   3% ] [90m[1msavepack[22m | Сохранение файла: res://assets/hud/move.svg.import[39m[0m
[   3% ] [90m[1msavepack[22m | Сохранение файла: res://.godot/imported/psi.svg-269bd72a430fe323664b527a328da816.ctex[39m[0m
[   3% ] [90m[1msavepack[22m | Сохранение файла: res://assets/hud/psi.svg.import[39m[0m
[   4% ] [90m[1msavepack[22m | Сохранение файла: res://.godot/imported/wait.svg-a8a43f42dbfa5ca9c1e2a1042679e489.ctex[39m[0m
[   4% ] [90m[1msavepack[22m | Сохранение файла: res://assets/hud/wait.svg.import[39m[0m
[   4% ] [90m[1msavepack[22m | Сохранение файла: res://.godot/exported/133200997/export-277f6e28dc60a89ba6ca122e3d02c204-strike.res[39m[0m
[   5% ] [90m[1msavepack[22m | Сохранение файла: res://.godot/exported/133200997/export-584b8cd438a4861259086064f8d41243-summon.res[39m[0m
[   5% ] [90m[1msavepack[22m | Сохранение файла: res://.godot/exported/133200997/export-6ae0e74cc39cbcf856a42b921c45b6ae-venom.res[39m[0m
[   5% ] [90m[1msavepack[22m | Сохранение файла: res://.godot/exported/133200997/export-9551495aaca6b0a0cde25015a521d81f-raider.res[39m[0m
[   6% ] [90m[1msavepack[22m | Сохранение файла: res://.godot/exported/133200997/export-76f3e0d43c15f56b6624bc3f87ea3bea-vanguard.res[39m[0m
[   6% ] [90m[1msavepack[22m | Сохранение файла: res://.godot/exported/133200997/export-a080678fc40d10b52deb44bca31da412-wisp.res[39m[0m
[   6% ] [90m[1msavepack[22m | Сохранение файла: res://.godot/exported/133200997/export-519c92ac1f06ec486400aaea9f0b4a40-poison.res[39m[0m
[   7% ] [90m[1msavepack[22m | Сохранение файла: res://.godot/exported/133200997/export-f5712b05ff86fca26a5cb2ced94acda3-heavy_practice_blade.res[39m[0m
[   7% ] [90m[1msavepack[22m | Сохранение файла: res://.godot/exported/133200997/export-64a93ddcea5dcf228b30230e75ed9607-practice_blade.res[39m[0m
[   7% ] [90m[1msavepack[22m | Сохранение файла: res://.godot/exported/133200997/export-e396944f892abb9d9d19d94b9def6014-manifest.res[39m[0m
[   8% ] [90m[1msavepack[22m | Сохранение файла: res://.godot/exported/133200997/export-2fd94d27b66f1dede8ebbe4a624b360a-default.res[39m[0m
[   8% ] [90m[1msavepack[22m | Сохранение файла: res://.godot/exported/133200997/export-6e2b744e84c87bf2edf650b459ed0ed9-catalog.res[39m[0m
[   9% ] [90m[1msavepack[22m | Сохранение файла: res://.godot/exported/133200997/export-0c3c369498fdb78466f8accdc5270174-ground.res[39m[0m
[   9% ] [90m[1msavepack[22m | Сохранение файла: res://.godot/exported/133200997/export-f63b8d67f6bf6e660643e78214c6215d-rough.res[39m[0m
[   9% ] [90m[1msavepack[22m | Сохранение файла: res://.godot/exported/133200997/export-833e7ec158f45b58ad1d8d9634deb882-catalog.res[39m[0m
[  10% ] [90m[1msavepack[22m | Сохранение файла: res://.godot/exported/133200997/export-3a3275e769da35c0d1f364de86411f01-skirmish_field.res[39m[0m
[  10% ] [90m[1msavepack[22m | Сохранение файла: res://.godot/exported/133200997/export-2a7f9f34abc695a5257ac9ff6280ab49-turn_scenario.res[39m[0m
[  10% ] [90m[1msavepack[22m | Сохранение файла: res://.godot/exported/133200997/export-e1a53fb7bd816822643117cfda43969a-abilities.res[39m[0m
[  11% ] [90m[1msavepack[22m | Сохранение файла: res://.godot/exported/133200997/export-3f1e621341a604ed870bb0f63d9b6727-areas.res[39m[0m
[  11% ] [90m[1msavepack[22m | Сохранение файла: res://.godot/exported/133200997/export-700ead2ffb7e85dc62528b77d7c44814-areas.res[39m[0m
[  11% ] [90m[1msavepack[22m | Сохранение файла: res://.godot/exported/133200997/export-6799f1050de89159704200cabdd86cbd-effects.res[39m[0m
[  12% ] [90m[1msavepack[22m | Сохранение файла: res://.godot/exported/133200997/export-826c9b4b084fa5b862b74f08bac8cb3c-magic.res[39m[0m
[  12% ] [90m[1msavepack[22m | Сохранение файла: res://.godot/exported/133200997/export-48c50f19689150757b2114e7e720ee73-progression.res[39m[0m
[  13% ] [90m[1msavepack[22m | Сохранение файла: res://.godot/exported/133200997/export-f15ae1110ae50a5e0de3fb91881ef96b-development.res[39m[0m
[  13% ] [90m[1msavepack[22m | Сохранение файла: res://.godot/exported/133200997/export-d2f1867e6fd9e3a818118fef2377fae5-world.res[39m[0m
[  13% ] [90m[1msavepack[22m | Сохранение файла: res://.godot/exported/133200997/export-1af58d74ba47c48317a9adf10c4e722d-attributes.res[39m[0m
[  14% ] [90m[1msavepack[22m | Сохранение файла: res://content/p4/body_attacks.json[39m[0m
[  14% ] [90m[1msavepack[22m | Сохранение файла: res://content/p4/body_functions.json[39m[0m
[  14% ] [90m[1msavepack[22m | Сохранение файла: res://content/p4/care.json[39m[0m
[  15% ] [90m[1msavepack[22m | Сохранение файла: res://content/p4/discovery_node.json[39m[0m
[  15% ] [90m[1msavepack[22m | Сохранение файла: res://content/p4/discovery_sites.json[39m[0m
[  15% ] [90m[1msavepack[22m | Сохранение файла: res://content/p4/exploration.json[39m[0m
[  16% ] [90m[1msavepack[22m | Сохранение файла: res://content/p4/exploration_care.json[39m[0m
[  16% ] [90m[1msavepack[22m | Сохранение файла: res://content/p4/journey.json[39m[0m
[  17% ] [90m[1msavepack[22m | Сохранение файла: res://content/p4/party_progression.json[39m[0m
[  17% ] [90m[1msavepack[22m | Сохранение файла: res://content/p4/prosthesis_attacks.json[39m[0m
[  17% ] [90m[1msavepack[22m | Сохранение файла: res://content/p4/prosthesis_functions.json[39m[0m
[  18% ] [90m[1msavepack[22m | Сохранение файла: res://content/p4/search_sites.json[39m[0m
[  18% ] [90m[1msavepack[22m | Сохранение файла: res://content/p4/search_track.json[39m[0m
[  18% ] [90m[1msavepack[22m | Сохранение файла: res://content/p5/growth.json[39m[0m
[  19% ] [90m[1msavepack[22m | Сохранение файла: res://content/p5/growth_link.json[39m[0m
[  19% ] [90m[1msavepack[22m | Сохранение файла: res://content/p5/hybrid.json[39m[0m
[  19% ] [90m[1msavepack[22m | Сохранение файла: res://content/p5/hybrid_node.json[39m[0m
[  20% ] [90m[1msavepack[22m | Сохранение файла: res://content/p5/implants.json[39m[0m
[  20% ] [90m[1msavepack[22m | Сохранение файла: res://content/p5/progression.json[39m[0m
[  21% ] [90m[1msavepack[22m | Сохранение файла: res://content/p5/psionics.json[39m[0m
[  21% ] [90m[1msavepack[22m | Сохранение файла: res://content/p5/shields.json[39m[0m
[  21% ] [90m[1msavepack[22m | Сохранение файла: res://content/p5/shield_node.json[39m[0m
[  22% ] [90m[1msavepack[22m | Сохранение файла: res://content/p5/upgrades.json[39m[0m
[  22% ] [90m[1msavepack[22m | Сохранение файла: res://content/p6/carriers.json[39m[0m
[  22% ] [90m[1msavepack[22m | Сохранение файла: res://content/p6/region.json[39m[0m
[  23% ] [90m[1msavepack[22m | Сохранение файла: res://content/presentation/battle_art.json[39m[0m
[  23% ] [90m[1msavepack[22m | Сохранение файла: res://content/presentation/combat_hud.json[39m[0m
[  23% ] [90m[1msavepack[22m | Сохранение файла: res://content/presentation/journey_guide.json[39m[0m
[  24% ] [90m[1msavepack[22m | Сохранение файла: res://content/survival/devices.json[39m[0m
[  24% ] [90m[1msavepack[22m | Сохранение файла: res://content/survival/prostheses.json[39m[0m
[  25% ] [90m[1msavepack[22m | Сохранение файла: res://content/survival/rules.json[39m[0m
[  25% ] [90m[1msavepack[22m | Сохранение файла: res://content/survival/tissues.json[39m[0m
[  25% ] [90m[1msavepack[22m | Сохранение файла: res://.godot/exported/133200997/export-3ad5c15c4f3250da0cc7c1af1770d85f-main.scn[39m[0m
[  26% ] [90m[1msavepack[22m | Сохранение файла: res://src/application/sm2_ability_parameter_text.gdc[39m[0m
[  26% ] [90m[1msavepack[22m | Сохранение файла: res://src/application/sm2_battle_replay.gdc[39m[0m
[  26% ] [90m[1msavepack[22m | Сохранение файла: res://src/application/sm2_battle_runner.gdc[39m[0m
[  27% ] [90m[1msavepack[22m | Сохранение файла: res://src/application/sm2_combat_hud_view.gdc[39m[0m
[  27% ] [90m[1msavepack[22m | Сохранение файла: res://src/application/sm2_hero_development_view.gdc[39m[0m
[  27% ] [90m[1msavepack[22m | Сохранение файла: res://src/application/sm2_journey_guide_view.gdc[39m[0m
[  28% ] [90m[1msavepack[22m | Сохранение файла: res://src/application/sm2_journey_session.gdc[39m[0m
[  28% ] [90m[1msavepack[22m | Сохранение файла: res://src/application/sm2_life_session.gdc[39m[0m
[  29% ] [90m[1msavepack[22m | Сохранение файла: res://src/application/sm2_m1_scenario.gdc[39m[0m
[  29% ] [90m[1msavepack[22m | Сохранение файла: res://src/application/sm2_outcome_ledger.gdc[39m[0m
[  29% ] [90m[1msavepack[22m | Сохранение файла: res://src/application/sm2_progress_session.gdc[39m[0m
[  30% ] [90m[1msavepack[22m | Сохранение файла: res://src/application/sm2_session.gdc[39m[0m
[  30% ] [90m[1msavepack[22m | Сохранение файла: res://src/application/sm2_survival_workspace_view.gdc[39m[0m
[  30% ] [90m[1msavepack[22m | Сохранение файла: res://src/application/sm2_tactical_session.gdc[39m[0m
[  31% ] [90m[1msavepack[22m | Сохранение файла: res://src/content/ai/sm2_ai_content_loader.gdc[39m[0m
[  31% ] [90m[1msavepack[22m | Сохранение файла: res://src/content/ai/sm2_ai_manifest.gdc[39m[0m
[  31% ] [90m[1msavepack[22m | Сохранение файла: res://src/content/combat/sm2_combat_content_loader.gdc[39m[0m
[  32% ] [90m[1msavepack[22m | Сохранение файла: res://src/content/combat/sm2_combat_content_manifest.gdc[39m[0m
[  32% ] [90m[1msavepack[22m | Сохранение файла: res://src/content/effects/sm2_effect_content_loader.gdc[39m[0m
[  33% ] [90m[1msavepack[22m | Сохранение файла: res://src/content/effects/sm2_effect_manifest.gdc[39m[0m
[  33% ] [90m[1msavepack[22m | Сохранение файла: res://src/content/magic/sm2_area_content_loader.gdc[39m[0m
[  33% ] [90m[1msavepack[22m | Сохранение файла: res://src/content/magic/sm2_magic_content_loader.gdc[39m[0m
[  33% ] [90m[1msavepack[22m | Сохранение файла: res://src/content/magic/sm2_magic_manifest.gdc[39m[0m
[  33% ] [90m[1msavepack[22m | Сохранение файла: res://src/content/progression/sm2_development_content_loader.gdc[39m[0m
[  33% ] [90m[1msavepack[22m | Сохранение файла: res://src/content/progression/sm2_development_manifest.gdc[39m[0m
[  34% ] [90m[1msavepack[22m | Сохранение файла: res://src/content/progression/sm2_progress_content_loader.gdc[39m[0m
[  34% ] [90m[1msavepack[22m | Сохранение файла: res://src/content/progression/sm2_progress_manifest.gdc[39m[0m
[  34% ] [90m[1msavepack[22m | Сохранение файла: res://src/content/spatial/sm2_cell_override_content.gdc[39m[0m
[  35% ] [90m[1msavepack[22m | Сохранение файла: res://src/content/spatial/sm2_field_content_loader.gdc[39m[0m
[  35% ] [90m[1msavepack[22m | Сохранение файла: res://src/content/spatial/sm2_field_manifest.gdc[39m[0m
[  36% ] [90m[1msavepack[22m | Сохранение файла: res://src/content/spatial/sm2_spawn_marker_content.gdc[39m[0m
[  36% ] [90m[1msavepack[22m | Сохранение файла: res://src/content/spatial/sm2_surface_content.gdc[39m[0m
[  36% ] [90m[1msavepack[22m | Сохранение файла: res://src/content/turns/sm2_turn_assignment_content.gdc[39m[0m
[  37% ] [90m[1msavepack[22m | Сохранение файла: res://src/content/turns/sm2_turn_content_loader.gdc[39m[0m
[  37% ] [90m[1msavepack[22m | Сохранение файла: res://src/content/turns/sm2_turn_content_manifest.gdc[39m[0m
[  37% ] [90m[1msavepack[22m | Сохранение файла: res://src/content/turns/sm2_turn_equipment_content.gdc[39m[0m
[  38% ] [90m[1msavepack[22m | Сохранение файла: res://src/content/turns/sm2_turn_loadout_content.gdc[39m[0m
[  38% ] [90m[1msavepack[22m | Сохранение файла: res://src/content/turns/sm2_turn_profile_content.gdc[39m[0m
[  38% ] [90m[1msavepack[22m | Сохранение файла: res://src/content/turns/sm2_turn_scenario_content.gdc[39m[0m
[  39% ] [90m[1msavepack[22m | Сохранение файла: res://src/content/world/sm2_body_content_loader.gdc[39m[0m
[  39% ] [90m[1msavepack[22m | Сохранение файла: res://src/content/world/sm2_body_upgrade_content_loader.gdc[39m[0m
[  40% ] [90m[1msavepack[22m | Сохранение файла: res://src/content/world/sm2_care_content_loader.gdc[39m[0m
[  40% ] [90m[1msavepack[22m | Сохранение файла: res://src/content/world/sm2_discovery_content_loader.gdc[39m[0m
[  40% ] [90m[1msavepack[22m | Сохранение файла: res://src/content/world/sm2_exploration_content_loader.gdc[39m[0m
[  41% ] [90m[1msavepack[22m | Сохранение файла: res://src/content/world/sm2_hybrid_content_loader.gdc[39m[0m
[  41% ] [90m[1msavepack[22m | Сохранение файла: res://src/content/world/sm2_implant_content_loader.gdc[39m[0m
[  41% ] [90m[1msavepack[22m | Сохранение файла: res://src/content/world/sm2_journey_content_loader.gdc[39m[0m
[  42% ] [90m[1msavepack[22m | Сохранение файла: res://src/content/world/sm2_life_content_loader.gdc[39m[0m
[  42% ] [90m[1msavepack[22m | Сохранение файла: res://src/content/world/sm2_life_manifest.gdc[39m[0m
[  42% ] [90m[1msavepack[22m | Сохранение файла: res://src/content/world/sm2_party_content_loader.gdc[39m[0m
[  43% ] [90m[1msavepack[22m | Сохранение файла: res://src/content/world/sm2_prosthesis_content_loader.gdc[39m[0m
[  43% ] [90m[1msavepack[22m | Сохранение файла: res://src/content/world/sm2_psionic_content_loader.gdc[39m[0m
[  44% ] [90m[1msavepack[22m | Сохранение файла: res://src/content/world/sm2_psionic_growth_content_loader.gdc[39m[0m
[  44% ] [90m[1msavepack[22m | Сохранение файла: res://src/content/world/sm2_psionic_shield_content_loader.gdc[39m[0m
[  44% ] [90m[1msavepack[22m | Сохранение файла: res://src/content/world/sm2_region_content_loader.gdc[39m[0m
[  45% ] [90m[1msavepack[22m | Сохранение файла: res://src/content/world/sm2_search_content_loader.gdc[39m[0m
[  45% ] [90m[1msavepack[22m | Сохранение файла: res://src/content/world/sm2_survival_content_loader.gdc[39m[0m
[  45% ] [90m[1msavepack[22m | Сохранение файла: res://src/content/sm2_ability_content.gdc[39m[0m
[  46% ] [90m[1msavepack[22m | Сохранение файла: res://src/content/sm2_actor_content.gdc[39m[0m
[  46% ] [90m[1msavepack[22m | Сохранение файла: res://src/content/sm2_content_loader.gdc[39m[0m
[  46% ] [90m[1msavepack[22m | Сохранение файла: res://src/content/sm2_content_manifest.gdc[39m[0m
[  47% ] [90m[1msavepack[22m | Сохранение файла: res://src/content/sm2_status_content.gdc[39m[0m
[  47% ] [90m[1msavepack[22m | Сохранение файла: res://src/content/sm2_weapon_content.gdc[39m[0m
[  48% ] [90m[1msavepack[22m | Сохранение файла: res://src/domain/ai/sm2_ability_ai.gdc[39m[0m
[  48% ] [90m[1msavepack[22m | Сохранение файла: res://src/domain/ai/sm2_ai_effect_assessment.gdc[39m[0m
[  48% ] [90m[1msavepack[22m | Сохранение файла: res://src/domain/ai/sm2_ai_profile.gdc[39m[0m
[  49% ] [90m[1msavepack[22m | Сохранение файла: res://src/domain/ai/sm2_ai_queries.gdc[39m[0m
[  49% ] [90m[1msavepack[22m | Сохранение файла: res://src/domain/ai/sm2_ai_work_budget.gdc[39m[0m
[  49% ] [90m[1msavepack[22m | Сохранение файла: res://src/domain/ai/sm2_tactical_ai.gdc[39m[0m
[  50% ] [90m[1msavepack[22m | Сохранение файла: res://src/domain/battle/handlers/sm2_ability_handler.gdc[39m[0m
[  50% ] [90m[1msavepack[22m | Сохранение файла: res://src/domain/battle/handlers/sm2_damage_handler.gdc[39m[0m
[  50% ] [90m[1msavepack[22m | Сохранение файла: res://src/domain/battle/handlers/sm2_poison_handler.gdc[39m[0m
[  51% ] [90m[1msavepack[22m | Сохранение файла: res://src/domain/battle/handlers/sm2_summon_handler.gdc[39m[0m
[  51% ] [90m[1msavepack[22m | Сохранение файла: res://src/domain/battle/sm2_actor_state.gdc[39m[0m
[  52% ] [90m[1msavepack[22m | Сохранение файла: res://src/domain/battle/sm2_battle_engine.gdc[39m[0m
[  52% ] [90m[1msavepack[22m | Сохранение файла: res://src/domain/battle/sm2_battle_snapshot.gdc[39m[0m
[  52% ] [90m[1msavepack[22m | Сохранение файла: res://src/domain/battle/sm2_battle_state.gdc[39m[0m
[  53% ] [90m[1msavepack[22m | Сохранение файла: res://src/domain/battle/sm2_command.gdc[39m[0m
[  53% ] [90m[1msavepack[22m | Сохранение файла: res://src/domain/battle/sm2_command_result.gdc[39m[0m
[  53% ] [90m[1msavepack[22m | Сохранение файла: res://src/domain/battle/sm2_effect_state.gdc[39m[0m
[  54% ] [90m[1msavepack[22m | Сохранение файла: res://src/domain/battle/sm2_item_state.gdc[39m[0m
[  54% ] [90m[1msavepack[22m | Сохранение файла: res://src/domain/body/sm2_anatomy.gdc[39m[0m
[  54% ] [90m[1msavepack[22m | Сохранение файла: res://src/domain/body/sm2_body_capability_query.gdc[39m[0m
[  55% ] [90m[1msavepack[22m | Сохранение файла: res://src/domain/body/sm2_body_function_catalog.gdc[39m[0m
[  55% ] [90m[1msavepack[22m | Сохранение файла: res://src/domain/body/sm2_body_function_rules.gdc[39m[0m
[  56% ] [90m[1msavepack[22m | Сохранение файла: res://src/domain/body/sm2_body_function_state.gdc[39m[0m
[  56% ] [90m[1msavepack[22m | Сохранение файла: res://src/domain/body/sm2_body_upgrade_catalog.gdc[39m[0m
[  56% ] [90m[1msavepack[22m | Сохранение файла: res://src/domain/body/sm2_body_upgrade_state.gdc[39m[0m
[  57% ] [90m[1msavepack[22m | Сохранение файла: res://src/domain/body/sm2_body_upgrade_supply.gdc[39m[0m
[  57% ] [90m[1msavepack[22m | Сохранение файла: res://src/domain/body/sm2_care_catalog.gdc[39m[0m
[  57% ] [90m[1msavepack[22m | Сохранение файла: res://src/domain/body/sm2_care_state.gdc[39m[0m
[  58% ] [90m[1msavepack[22m | Сохранение файла: res://src/domain/body/sm2_physical_inventory.gdc[39m[0m
[  58% ] [90m[1msavepack[22m | Сохранение файла: res://src/domain/body/sm2_physical_supplies.gdc[39m[0m
[  58% ] [90m[1msavepack[22m | Сохранение файла: res://src/domain/body/sm2_prosthesis_inventory.gdc[39m[0m
[  59% ] [90m[1msavepack[22m | Сохранение файла: res://src/domain/body/sm2_survival_battle.gdc[39m[0m
[  59% ] [90m[1msavepack[22m | Сохранение файла: res://src/domain/body/sm2_survival_catalog.gdc[39m[0m
[  60% ] [90m[1msavepack[22m | Сохранение файла: res://src/domain/body/sm2_survival_devices.gdc[39m[0m
[  60% ] [90m[1msavepack[22m | Сохранение файла: res://src/domain/body/sm2_survival_state.gdc[39m[0m
[  60% ] [90m[1msavepack[22m | Сохранение файла: res://src/domain/body/sm2_tissue_layers.gdc[39m[0m
[  61% ] [90m[1msavepack[22m | Сохранение файла: res://src/domain/combat/sm2_attack_resolver.gdc[39m[0m
[  61% ] [90m[1msavepack[22m | Сохранение файла: res://src/domain/combat/sm2_battle_dice.gdc[39m[0m
[  61% ] [90m[1msavepack[22m | Сохранение файла: res://src/domain/combat/sm2_battle_outcome.gdc[39m[0m
[  62% ] [90m[1msavepack[22m | Сохранение файла: res://src/domain/combat/sm2_combatant.gdc[39m[0m
[  62% ] [90m[1msavepack[22m | Сохранение файла: res://src/domain/combat/sm2_combat_ability.gdc[39m[0m
[  62% ] [90m[1msavepack[22m | Сохранение файла: res://src/domain/combat/sm2_combat_catalog.gdc[39m[0m
[  63% ] [90m[1msavepack[22m | Сохранение файла: res://src/domain/combat/sm2_combat_gear.gdc[39m[0m
[  63% ] [90m[1msavepack[22m | Сохранение файла: res://src/domain/combat/sm2_combat_item.gdc[39m[0m
[  64% ] [90m[1msavepack[22m | Сохранение файла: res://src/domain/combat/sm2_combat_profile.gdc[39m[0m
[  64% ] [90m[1msavepack[22m | Сохранение файла: res://src/domain/combat/sm2_combat_snapshot.gdc[39m[0m
[  64% ] [90m[1msavepack[22m | Сохранение файла: res://src/domain/combat/sm2_consequence_context.gdc[39m[0m
[  65% ] [90m[1msavepack[22m | Сохранение файла: res://src/domain/combat/sm2_departure_resolver.gdc[39m[0m
[  65% ] [90m[1msavepack[22m | Сохранение файла: res://src/domain/combat/sm2_hp_application.gdc[39m[0m
[  65% ] [90m[1msavepack[22m | Сохранение файла: res://src/domain/combat/sm2_hybrid_query.gdc[39m[0m
[  66% ] [90m[1msavepack[22m | Сохранение файла: res://src/domain/combat/sm2_morale_resolver.gdc[39m[0m
[  66% ] [90m[1msavepack[22m | Сохранение файла: res://src/domain/combat/sm2_retreat_policy.gdc[39m[0m
[  66% ] [90m[1msavepack[22m | Сохранение файла: res://src/domain/common/sm2_canonical.gdc[39m[0m
[  66% ] [90m[1msavepack[22m | Сохранение файла: res://src/domain/common/sm2_deterministic_rng.gdc[39m[0m
[  66% ] [90m[1msavepack[22m | Сохранение файла: res://src/domain/common/sm2_validate.gdc[39m[0m
[  67% ] [90m[1msavepack[22m | Сохранение файла: res://src/domain/content/sm2_ability_definition.gdc[39m[0m
[  67% ] [90m[1msavepack[22m | Сохранение файла: res://src/domain/content/sm2_actor_definition.gdc[39m[0m
[  67% ] [90m[1msavepack[22m | Сохранение файла: res://src/domain/content/sm2_catalog.gdc[39m[0m
[  68% ] [90m[1msavepack[22m | Сохранение файла: res://src/domain/content/sm2_status_definition.gdc[39m[0m
[  68% ] [90m[1msavepack[22m | Сохранение файла: res://src/domain/content/sm2_turn_catalog.gdc[39m[0m
[  68% ] [90m[1msavepack[22m | Сохранение файла: res://src/domain/content/sm2_turn_definition.gdc[39m[0m
[  69% ] [90m[1msavepack[22m | Сохранение файла: res://src/domain/content/sm2_weapon_definition.gdc[39m[0m
[  69% ] [90m[1msavepack[22m | Сохранение файла: res://src/domain/effects/sm2_combat_stat_query.gdc[39m[0m
[  69% ] [90m[1msavepack[22m | Сохранение файла: res://src/domain/effects/sm2_effect_action.gdc[39m[0m
[  70% ] [90m[1msavepack[22m | Сохранение файла: res://src/domain/effects/sm2_effect_catalog.gdc[39m[0m
[  70% ] [90m[1msavepack[22m | Сохранение файла: res://src/domain/effects/sm2_effect_definition.gdc[39m[0m
[  71% ] [90m[1msavepack[22m | Сохранение файла: res://src/domain/effects/sm2_effect_instance.gdc[39m[0m
[  71% ] [90m[1msavepack[22m | Сохранение файла: res://src/domain/effects/sm2_effect_operation.gdc[39m[0m
[  71% ] [90m[1msavepack[22m | Сохранение файла: res://src/domain/effects/sm2_effect_resolver.gdc[39m[0m
[  72% ] [90m[1msavepack[22m | Сохранение файла: res://src/domain/effects/sm2_effect_snapshot.gdc[39m[0m
[  72% ] [90m[1msavepack[22m | Сохранение файла: res://src/domain/magic/sm2_area_geometry.gdc[39m[0m
[  72% ] [90m[1msavepack[22m | Сохранение файла: res://src/domain/magic/sm2_area_spell_resolver.gdc[39m[0m
[  73% ] [90m[1msavepack[22m | Сохранение файла: res://src/domain/magic/sm2_barrier_resolver.gdc[39m[0m
[  73% ] [90m[1msavepack[22m | Сохранение файла: res://src/domain/magic/sm2_barrier_rules.gdc[39m[0m
[  73% ] [90m[1msavepack[22m | Сохранение файла: res://src/domain/magic/sm2_barrier_state.gdc[39m[0m
[  74% ] [90m[1msavepack[22m | Сохранение файла: res://src/domain/magic/sm2_magic_catalog.gdc[39m[0m
[  74% ] [90m[1msavepack[22m | Сохранение файла: res://src/domain/magic/sm2_magic_profile.gdc[39m[0m
[  75% ] [90m[1msavepack[22m | Сохранение файла: res://src/domain/magic/sm2_magic_snapshot.gdc[39m[0m
[  75% ] [90m[1msavepack[22m | Сохранение файла: res://src/domain/magic/sm2_mana_pool.gdc[39m[0m
[  75% ] [90m[1msavepack[22m | Сохранение файла: res://src/domain/magic/sm2_mana_resolver.gdc[39m[0m
[  76% ] [90m[1msavepack[22m | Сохранение файла: res://src/domain/magic/sm2_spell_definition.gdc[39m[0m
[  76% ] [90m[1msavepack[22m | Сохранение файла: res://src/domain/magic/sm2_spell_resolver.gdc[39m[0m
[  76% ] [90m[1msavepack[22m | Сохранение файла: res://src/domain/movement/sm2_field_session.gdc[39m[0m
[  77% ] [90m[1msavepack[22m | Сохранение файла: res://src/domain/movement/sm2_movement_resolver.gdc[39m[0m
[  77% ] [90m[1msavepack[22m | Сохранение файла: res://src/domain/movement/sm2_spatial_actor.gdc[39m[0m
[  77% ] [90m[1msavepack[22m | Сохранение файла: res://src/domain/progression/sm2_ability_parameter_query.gdc[39m[0m
[  78% ] [90m[1msavepack[22m | Сохранение файла: res://src/domain/progression/sm2_battle_development.gdc[39m[0m
[  78% ] [90m[1msavepack[22m | Сохранение файла: res://src/domain/progression/sm2_companion_progress.gdc[39m[0m
[  79% ] [90m[1msavepack[22m | Сохранение файла: res://src/domain/progression/sm2_development_catalog.gdc[39m[0m
[  79% ] [90m[1msavepack[22m | Сохранение файла: res://src/domain/progression/sm2_development_snapshot.gdc[39m[0m
[  79% ] [90m[1msavepack[22m | Сохранение файла: res://src/domain/progression/sm2_encounter_origin.gdc[39m[0m
[  80% ] [90m[1msavepack[22m | Сохранение файла: res://src/domain/progression/sm2_hybrid_catalog.gdc[39m[0m
[  80% ] [90m[1msavepack[22m | Сохранение файла: res://src/domain/progression/sm2_incarnation_record.gdc[39m[0m
[  80% ] [90m[1msavepack[22m | Сохранение файла: res://src/domain/progression/sm2_practice_capability.gdc[39m[0m
[  81% ] [90m[1msavepack[22m | Сохранение файла: res://src/domain/progression/sm2_practice_definition.gdc[39m[0m
[  81% ] [90m[1msavepack[22m | Сохранение файла: res://src/domain/progression/sm2_progress_body_state.gdc[39m[0m
[  81% ] [90m[1msavepack[22m | Сохранение файла: res://src/domain/progression/sm2_progress_catalog.gdc[39m[0m
[  82% ] [90m[1msavepack[22m | Сохранение файла: res://src/domain/progression/sm2_progress_command.gdc[39m[0m
[  82% ] [90m[1msavepack[22m | Сохранение файла: res://src/domain/progression/sm2_progress_lab.gdc[39m[0m
[  83% ] [90m[1msavepack[22m | Сохранение файла: res://src/domain/progression/sm2_progress_lab_state.gdc[39m[0m
[  83% ] [90m[1msavepack[22m | Сохранение файла: res://src/domain/progression/sm2_progress_node_definition.gdc[39m[0m
[  83% ] [90m[1msavepack[22m | Сохранение файла: res://src/domain/progression/sm2_progress_rules.gdc[39m[0m
[  84% ] [90m[1msavepack[22m | Сохранение файла: res://src/domain/progression/sm2_progress_snapshot.gdc[39m[0m
[  84% ] [90m[1msavepack[22m | Сохранение файла: res://src/domain/progression/sm2_progress_track_definition.gdc[39m[0m
[  84% ] [90m[1msavepack[22m | Сохранение файла: res://src/domain/progression/sm2_progress_track_state.gdc[39m[0m
[  85% ] [90m[1msavepack[22m | Сохранение файла: res://src/domain/progression/sm2_psionic_catalog.gdc[39m[0m
[  85% ] [90m[1msavepack[22m | Сохранение файла: res://src/domain/progression/sm2_psionic_cost_query.gdc[39m[0m
[  85% ] [90m[1msavepack[22m | Сохранение файла: res://src/domain/progression/sm2_soul_state.gdc[39m[0m
[  86% ] [90m[1msavepack[22m | Сохранение файла: res://src/domain/spatial/sm2_battlefield.gdc[39m[0m
[  86% ] [90m[1msavepack[22m | Сохранение файла: res://src/domain/spatial/sm2_hex.gdc[39m[0m
[  87% ] [90m[1msavepack[22m | Сохранение файла: res://src/domain/spatial/sm2_spatial_queries.gdc[39m[0m
[  87% ] [90m[1msavepack[22m | Сохранение файла: res://src/domain/tactical/sm2_tactical_actor.gdc[39m[0m
[  87% ] [90m[1msavepack[22m | Сохранение файла: res://src/domain/tactical/sm2_tactical_battle.gdc[39m[0m
[  88% ] [90m[1msavepack[22m | Сохранение файла: res://src/domain/tactical/sm2_tactical_snapshot.gdc[39m[0m
[  88% ] [90m[1msavepack[22m | Сохранение файла: res://src/domain/tactical/sm2_tactical_state.gdc[39m[0m
[  88% ] [90m[1msavepack[22m | Сохранение файла: res://src/domain/tactical/sm2_turn_scheduler.gdc[39m[0m
[  89% ] [90m[1msavepack[22m | Сохранение файла: res://src/domain/world/sm2_encounter_factory.gdc[39m[0m
[  89% ] [90m[1msavepack[22m | Сохранение файла: res://src/domain/world/sm2_exploration_catalog.gdc[39m[0m
[  89% ] [90m[1msavepack[22m | Сохранение файла: res://src/domain/world/sm2_exploration_state.gdc[39m[0m
[  90% ] [90m[1msavepack[22m | Сохранение файла: res://src/domain/world/sm2_journey_world.gdc[39m[0m
[  90% ] [90m[1msavepack[22m | Сохранение файла: res://src/domain/world/sm2_life_definition.gdc[39m[0m
[  91% ] [90m[1msavepack[22m | Сохранение файла: res://src/domain/world/sm2_life_world.gdc[39m[0m
[  91% ] [90m[1msavepack[22m | Сохранение файла: res://src/domain/world/sm2_region_catalog.gdc[39m[0m
[  91% ] [90m[1msavepack[22m | Сохранение файла: res://src/domain/world/sm2_region_state.gdc[39m[0m
[  92% ] [90m[1msavepack[22m | Сохранение файла: res://src/domain/world/sm2_world_body.gdc[39m[0m
[  92% ] [90m[1msavepack[22m | Сохранение файла: res://src/domain/world/sm2_world_command.gdc[39m[0m
[  92% ] [90m[1msavepack[22m | Сохранение файла: res://src/infrastructure/sm2_save_store.gdc[39m[0m
[  93% ] [90m[1msavepack[22m | Сохранение файла: res://src/presentation/sm2_attribute_screen.gdc[39m[0m
[  93% ] [90m[1msavepack[22m | Сохранение файла: res://src/presentation/sm2_backdrop.gdc[39m[0m
[  93% ] [90m[1msavepack[22m | Сохранение файла: res://src/presentation/sm2_battle_art.gdc[39m[0m
[  94% ] [90m[1msavepack[22m | Сохранение файла: res://src/presentation/sm2_battle_motion.gdc[39m[0m
[  94% ] [90m[1msavepack[22m | Сохранение файла: res://src/presentation/sm2_battle_progress_panel.gdc[39m[0m
[  95% ] [90m[1msavepack[22m | Сохранение файла: res://src/presentation/sm2_battle_screen.gdc[39m[0m
[  95% ] [90m[1msavepack[22m | Сохранение файла: res://src/presentation/sm2_battle_text.gdc[39m[0m
[  95% ] [90m[1msavepack[22m | Сохранение файла: res://src/presentation/sm2_combat_hud.gdc[39m[0m
[  96% ] [90m[1msavepack[22m | Сохранение файла: res://src/presentation/sm2_hero_development_screen.gdc[39m[0m
[  96% ] [90m[1msavepack[22m | Сохранение файла: res://src/presentation/sm2_hex_board.gdc[39m[0m
[  96% ] [90m[1msavepack[22m | Сохранение файла: res://src/presentation/sm2_journey_guide.gdc[39m[0m
[  97% ] [90m[1msavepack[22m | Сохранение файла: res://src/presentation/sm2_life_screen.gdc[39m[0m
[  97% ] [90m[1msavepack[22m | Сохранение файла: res://src/presentation/sm2_main.gdc[39m[0m
[  97% ] [90m[1msavepack[22m | Сохранение файла: res://src/presentation/sm2_progress_screen.gdc[39m[0m
[  98% ] [90m[1msavepack[22m | Сохранение файла: res://src/presentation/sm2_survival_panel.gdc[39m[0m
[  98% ] [90m[1msavepack[22m | Сохранение файла: res://src/presentation/sm2_survival_workspace.gdc[39m[0m
[  98% ] [90m[1msavepack[22m | Сохранение файла: res://content/core/abilities/strike.tres.remap[39m[0m
[  98% ] [90m[1msavepack[22m | Сохранение файла: res://content/core/abilities/summon.tres.remap[39m[0m
[  98% ] [90m[1msavepack[22m | Сохранение файла: res://content/core/abilities/venom.tres.remap[39m[0m
[  98% ] [90m[1msavepack[22m | Сохранение файла: res://content/core/actors/raider.tres.remap[39m[0m
[  98% ] [90m[1msavepack[22m | Сохранение файла: res://content/core/actors/vanguard.tres.remap[39m[0m
[  98% ] [90m[1msavepack[22m | Сохранение файла: res://content/core/actors/wisp.tres.remap[39m[0m
[  98% ] [90m[1msavepack[22m | Сохранение файла: res://content/core/statuses/poison.tres.remap[39m[0m
[  98% ] [90m[1msavepack[22m | Сохранение файла: res://content/core/weapons/heavy_practice_blade.tres.remap[39m[0m
[  98% ] [90m[1msavepack[22m | Сохранение файла: res://content/core/weapons/practice_blade.tres.remap[39m[0m
[  98% ] [90m[1msavepack[22m | Сохранение файла: res://content/core/manifest.tres.remap[39m[0m
[  98% ] [90m[1msavepack[22m | Сохранение файла: res://content/m2/ai/default.tres.remap[39m[0m
[  98% ] [90m[1msavepack[22m | Сохранение файла: res://content/m2/combat/catalog.tres.remap[39m[0m
[  98% ] [90m[1msavepack[22m | Сохранение файла: res://content/m2/surfaces/ground.tres.remap[39m[0m
[  98% ] [90m[1msavepack[22m | Сохранение файла: res://content/m2/surfaces/rough.tres.remap[39m[0m
[  98% ] [90m[1msavepack[22m | Сохранение файла: res://content/m2/turns/catalog.tres.remap[39m[0m
[  98% ] [90m[1msavepack[22m | Сохранение файла: res://content/m2/skirmish_field.tres.remap[39m[0m
[  98% ] [90m[1msavepack[22m | Сохранение файла: res://content/m2/turn_scenario.tres.remap[39m[0m
[  98% ] [90m[1msavepack[22m | Сохранение файла: res://content/m4/ai/abilities.tres.remap[39m[0m
[  98% ] [90m[1msavepack[22m | Сохранение файла: res://content/m4/ai/areas.tres.remap[39m[0m
[  98% ] [90m[1msavepack[22m | Сохранение файла: res://content/m4/areas.tres.remap[39m[0m
[  98% ] [90m[1msavepack[22m | Сохранение файла: res://content/m4/effects.tres.remap[39m[0m
[  98% ] [90m[1msavepack[22m | Сохранение файла: res://content/m4/magic.tres.remap[39m[0m
[  98% ] [90m[1msavepack[22m | Сохранение файла: res://content/p1/progression.tres.remap[39m[0m
[  98% ] [90m[1msavepack[22m | Сохранение файла: res://content/p2/development.tres.remap[39m[0m
[  98% ] [90m[1msavepack[22m | Сохранение файла: res://content/p3/world.tres.remap[39m[0m
[  98% ] [90m[1msavepack[22m | Сохранение файла: res://content/p4/attributes.tres.remap[39m[0m
[  98% ] [90m[1msavepack[22m | Сохранение файла: res://scenes/main.tscn.remap[39m[0m
[  98% ] [90m[1msavepack[22m | Сохранение файла: res://src/application/sm2_ability_parameter_text.gd.remap[39m[0m
[  98% ] [90m[1msavepack[22m | Сохранение файла: res://src/application/sm2_battle_replay.gd.remap[39m[0m
[  98% ] [90m[1msavepack[22m | Сохранение файла: res://src/application/sm2_battle_runner.gd.remap[39m[0m
[  98% ] [90m[1msavepack[22m | Сохранение файла: res://src/application/sm2_combat_hud_view.gd.remap[39m[0m
[  98% ] [90m[1msavepack[22m | Сохранение файла: res://src/application/sm2_hero_development_view.gd.remap[39m[0m
[  98% ] [90m[1msavepack[22m | Сохранение файла: res://src/application/sm2_journey_guide_view.gd.remap[39m[0m
[  98% ] [90m[1msavepack[22m | Сохранение файла: res://src/application/sm2_journey_session.gd.remap[39m[0m
[  98% ] [90m[1msavepack[22m | Сохранение файла: res://src/application/sm2_life_session.gd.remap[39m[0m
[  98% ] [90m[1msavepack[22m | Сохранение файла: res://src/application/sm2_m1_scenario.gd.remap[39m[0m
[  98% ] [90m[1msavepack[22m | Сохранение файла: res://src/application/sm2_outcome_ledger.gd.remap[39m[0m
[  98% ] [90m[1msavepack[22m | Сохранение файла: res://src/application/sm2_progress_session.gd.remap[39m[0m
[  98% ] [90m[1msavepack[22m | Сохранение файла: res://src/application/sm2_session.gd.remap[39m[0m
[  98% ] [90m[1msavepack[22m | Сохранение файла: res://src/application/sm2_survival_workspace_view.gd.remap[39m[0m
[  98% ] [90m[1msavepack[22m | Сохранение файла: res://src/application/sm2_tactical_session.gd.remap[39m[0m
[  98% ] [90m[1msavepack[22m | Сохранение файла: res://src/content/ai/sm2_ai_content_loader.gd.remap[39m[0m
[  98% ] [90m[1msavepack[22m | Сохранение файла: res://src/content/ai/sm2_ai_manifest.gd.remap[39m[0m
[  98% ] [90m[1msavepack[22m | Сохранение файла: res://src/content/combat/sm2_combat_content_loader.gd.remap[39m[0m
[  98% ] [90m[1msavepack[22m | Сохранение файла: res://src/content/combat/sm2_combat_content_manifest.gd.remap[39m[0m
[  98% ] [90m[1msavepack[22m | Сохранение файла: res://src/content/effects/sm2_effect_content_loader.gd.remap[39m[0m
[  98% ] [90m[1msavepack[22m | Сохранение файла: res://src/content/effects/sm2_effect_manifest.gd.remap[39m[0m
[  98% ] [90m[1msavepack[22m | Сохранение файла: res://src/content/magic/sm2_area_content_loader.gd.remap[39m[0m
[  98% ] [90m[1msavepack[22m | Сохранение файла: res://src/content/magic/sm2_magic_content_loader.gd.remap[39m[0m
[  98% ] [90m[1msavepack[22m | Сохранение файла: res://src/content/magic/sm2_magic_manifest.gd.remap[39m[0m
[  98% ] [90m[1msavepack[22m | Сохранение файла: res://src/content/progression/sm2_development_content_loader.gd.remap[39m[0m
[  98% ] [90m[1msavepack[22m | Сохранение файла: res://src/content/progression/sm2_development_manifest.gd.remap[39m[0m
[  98% ] [90m[1msavepack[22m | Сохранение файла: res://src/content/progression/sm2_progress_content_loader.gd.remap[39m[0m
[  98% ] [90m[1msavepack[22m | Сохранение файла: res://src/content/progression/sm2_progress_manifest.gd.remap[39m[0m
[  98% ] [90m[1msavepack[22m | Сохранение файла: res://src/content/spatial/sm2_cell_override_content.gd.remap[39m[0m
[  98% ] [90m[1msavepack[22m | Сохранение файла: res://src/content/spatial/sm2_field_content_loader.gd.remap[39m[0m
[  98% ] [90m[1msavepack[22m | Сохранение файла: res://src/content/spatial/sm2_field_manifest.gd.remap[39m[0m
[  98% ] [90m[1msavepack[22m | Сохранение файла: res://src/content/spatial/sm2_spawn_marker_content.gd.remap[39m[0m
[  98% ] [90m[1msavepack[22m | Сохранение файла: res://src/content/spatial/sm2_surface_content.gd.remap[39m[0m
[  98% ] [90m[1msavepack[22m | Сохранение файла: res://src/content/turns/sm2_turn_assignment_content.gd.remap[39m[0m
[  98% ] [90m[1msavepack[22m | Сохранение файла: res://src/content/turns/sm2_turn_content_loader.gd.remap[39m[0m
[  98% ] [90m[1msavepack[22m | Сохранение файла: res://src/content/turns/sm2_turn_content_manifest.gd.remap[39m[0m
[  98% ] [90m[1msavepack[22m | Сохранение файла: res://src/content/turns/sm2_turn_equipment_content.gd.remap[39m[0m
[  98% ] [90m[1msavepack[22m | Сохранение файла: res://src/content/turns/sm2_turn_loadout_content.gd.remap[39m[0m
[  98% ] [90m[1msavepack[22m | Сохранение файла: res://src/content/turns/sm2_turn_profile_content.gd.remap[39m[0m
[  98% ] [90m[1msavepack[22m | Сохранение файла: res://src/content/turns/sm2_turn_scenario_content.gd.remap[39m[0m
[  98% ] [90m[1msavepack[22m | Сохранение файла: res://src/content/world/sm2_body_content_loader.gd.remap[39m[0m
[  98% ] [90m[1msavepack[22m | Сохранение файла: res://src/content/world/sm2_body_upgrade_content_loader.gd.remap[39m[0m
[  98% ] [90m[1msavepack[22m | Сохранение файла: res://src/content/world/sm2_care_content_loader.gd.remap[39m[0m
[  98% ] [90m[1msavepack[22m | Сохранение файла: res://src/content/world/sm2_discovery_content_loader.gd.remap[39m[0m
[  98% ] [90m[1msavepack[22m | Сохранение файла: res://src/content/world/sm2_exploration_content_loader.gd.remap[39m[0m
[  98% ] [90m[1msavepack[22m | Сохранение файла: res://src/content/world/sm2_hybrid_content_loader.gd.remap[39m[0m
[  98% ] [90m[1msavepack[22m | Сохранение файла: res://src/content/world/sm2_implant_content_loader.gd.remap[39m[0m
[  98% ] [90m[1msavepack[22m | Сохранение файла: res://src/content/world/sm2_journey_content_loader.gd.remap[39m[0m
[  98% ] [90m[1msavepack[22m | Сохранение файла: res://src/content/world/sm2_life_content_loader.gd.remap[39m[0m
[  98% ] [90m[1msavepack[22m | Сохранение файла: res://src/content/world/sm2_life_manifest.gd.remap[39m[0m
[  98% ] [90m[1msavepack[22m | Сохранение файла: res://src/content/world/sm2_party_content_loader.gd.remap[39m[0m
[  98% ] [90m[1msavepack[22m | Сохранение файла: res://src/content/world/sm2_prosthesis_content_loader.gd.remap[39m[0m
[  98% ] [90m[1msavepack[22m | Сохранение файла: res://src/content/world/sm2_psionic_content_loader.gd.remap[39m[0m
[  98% ] [90m[1msavepack[22m | Сохранение файла: res://src/content/world/sm2_psionic_growth_content_loader.gd.remap[39m[0m
[  98% ] [90m[1msavepack[22m | Сохранение файла: res://src/content/world/sm2_psionic_shield_content_loader.gd.remap[39m[0m
[  98% ] [90m[1msavepack[22m | Сохранение файла: res://src/content/world/sm2_region_content_loader.gd.remap[39m[0m
[  98% ] [90m[1msavepack[22m | Сохранение файла: res://src/content/world/sm2_search_content_loader.gd.remap[39m[0m
[  98% ] [90m[1msavepack[22m | Сохранение файла: res://src/content/world/sm2_survival_content_loader.gd.remap[39m[0m
[  98% ] [90m[1msavepack[22m | Сохранение файла: res://src/content/sm2_ability_content.gd.remap[39m[0m
[  98% ] [90m[1msavepack[22m | Сохранение файла: res://src/content/sm2_actor_content.gd.remap[39m[0m
[  98% ] [90m[1msavepack[22m | Сохранение файла: res://src/content/sm2_content_loader.gd.remap[39m[0m
[  98% ] [90m[1msavepack[22m | Сохранение файла: res://src/content/sm2_content_manifest.gd.remap[39m[0m
[  98% ] [90m[1msavepack[22m | Сохранение файла: res://src/content/sm2_status_content.gd.remap[39m[0m
[  98% ] [90m[1msavepack[22m | Сохранение файла: res://src/content/sm2_weapon_content.gd.remap[39m[0m
[  98% ] [90m[1msavepack[22m | Сохранение файла: res://src/domain/ai/sm2_ability_ai.gd.remap[39m[0m
[  98% ] [90m[1msavepack[22m | Сохранение файла: res://src/domain/ai/sm2_ai_effect_assessment.gd.remap[39m[0m
[  98% ] [90m[1msavepack[22m | Сохранение файла: res://src/domain/ai/sm2_ai_profile.gd.remap[39m[0m
[  98% ] [90m[1msavepack[22m | Сохранение файла: res://src/domain/ai/sm2_ai_queries.gd.remap[39m[0m
[  98% ] [90m[1msavepack[22m | Сохранение файла: res://src/domain/ai/sm2_ai_work_budget.gd.remap[39m[0m
[  98% ] [90m[1msavepack[22m | Сохранение файла: res://src/domain/ai/sm2_tactical_ai.gd.remap[39m[0m
[  98% ] [90m[1msavepack[22m | Сохранение файла: res://src/domain/battle/handlers/sm2_ability_handler.gd.remap[39m[0m
[  98% ] [90m[1msavepack[22m | Сохранение файла: res://src/domain/battle/handlers/sm2_damage_handler.gd.remap[39m[0m
[  98% ] [90m[1msavepack[22m | Сохранение файла: res://src/domain/battle/handlers/sm2_poison_handler.gd.remap[39m[0m
[  98% ] [90m[1msavepack[22m | Сохранение файла: res://src/domain/battle/handlers/sm2_summon_handler.gd.remap[39m[0m
[  98% ] [90m[1msavepack[22m | Сохранение файла: res://src/domain/battle/sm2_actor_state.gd.remap[39m[0m
[  98% ] [90m[1msavepack[22m | Сохранение файла: res://src/domain/battle/sm2_battle_engine.gd.remap[39m[0m
[  98% ] [90m[1msavepack[22m | Сохранение файла: res://src/domain/battle/sm2_battle_snapshot.gd.remap[39m[0m
[  98% ] [90m[1msavepack[22m | Сохранение файла: res://src/domain/battle/sm2_battle_state.gd.remap[39m[0m
[  98% ] [90m[1msavepack[22m | Сохранение файла: res://src/domain/battle/sm2_command.gd.remap[39m[0m
[  98% ] [90m[1msavepack[22m | Сохранение файла: res://src/domain/battle/sm2_command_result.gd.remap[39m[0m
[  98% ] [90m[1msavepack[22m | Сохранение файла: res://src/domain/battle/sm2_effect_state.gd.remap[39m[0m
[  98% ] [90m[1msavepack[22m | Сохранение файла: res://src/domain/battle/sm2_item_state.gd.remap[39m[0m
[  98% ] [90m[1msavepack[22m | Сохранение файла: res://src/domain/body/sm2_anatomy.gd.remap[39m[0m
[  98% ] [90m[1msavepack[22m | Сохранение файла: res://src/domain/body/sm2_body_capability_query.gd.remap[39m[0m
[  98% ] [90m[1msavepack[22m | Сохранение файла: res://src/domain/body/sm2_body_function_catalog.gd.remap[39m[0m
[  98% ] [90m[1msavepack[22m | Сохранение файла: res://src/domain/body/sm2_body_function_rules.gd.remap[39m[0m
[  98% ] [90m[1msavepack[22m | Сохранение файла: res://src/domain/body/sm2_body_function_state.gd.remap[39m[0m
[  98% ] [90m[1msavepack[22m | Сохранение файла: res://src/domain/body/sm2_body_upgrade_catalog.gd.remap[39m[0m
[  98% ] [90m[1msavepack[22m | Сохранение файла: res://src/domain/body/sm2_body_upgrade_state.gd.remap[39m[0m
[  98% ] [90m[1msavepack[22m | Сохранение файла: res://src/domain/body/sm2_body_upgrade_supply.gd.remap[39m[0m
[  98% ] [90m[1msavepack[22m | Сохранение файла: res://src/domain/body/sm2_care_catalog.gd.remap[39m[0m
[  98% ] [90m[1msavepack[22m | Сохранение файла: res://src/domain/body/sm2_care_state.gd.remap[39m[0m
[  98% ] [90m[1msavepack[22m | Сохранение файла: res://src/domain/body/sm2_physical_inventory.gd.remap[39m[0m
[  98% ] [90m[1msavepack[22m | Сохранение файла: res://src/domain/body/sm2_physical_supplies.gd.remap[39m[0m
[  98% ] [90m[1msavepack[22m | Сохранение файла: res://src/domain/body/sm2_prosthesis_inventory.gd.remap[39m[0m
[  98% ] [90m[1msavepack[22m | Сохранение файла: res://src/domain/body/sm2_survival_battle.gd.remap[39m[0m
[  98% ] [90m[1msavepack[22m | Сохранение файла: res://src/domain/body/sm2_survival_catalog.gd.remap[39m[0m
[  98% ] [90m[1msavepack[22m | Сохранение файла: res://src/domain/body/sm2_survival_devices.gd.remap[39m[0m
[  98% ] [90m[1msavepack[22m | Сохранение файла: res://src/domain/body/sm2_survival_state.gd.remap[39m[0m
[  98% ] [90m[1msavepack[22m | Сохранение файла: res://src/domain/body/sm2_tissue_layers.gd.remap[39m[0m
[  98% ] [90m[1msavepack[22m | Сохранение файла: res://src/domain/combat/sm2_attack_resolver.gd.remap[39m[0m
[  98% ] [90m[1msavepack[22m | Сохранение файла: res://src/domain/combat/sm2_battle_dice.gd.remap[39m[0m
[  98% ] [90m[1msavepack[22m | Сохранение файла: res://src/domain/combat/sm2_battle_outcome.gd.remap[39m[0m
[  98% ] [90m[1msavepack[22m | Сохранение файла: res://src/domain/combat/sm2_combatant.gd.remap[39m[0m
[  98% ] [90m[1msavepack[22m | Сохранение файла: res://src/domain/combat/sm2_combat_ability.gd.remap[39m[0m
[  98% ] [90m[1msavepack[22m | Сохранение файла: res://src/domain/combat/sm2_combat_catalog.gd.remap[39m[0m
[  98% ] [90m[1msavepack[22m | Сохранение файла: res://src/domain/combat/sm2_combat_gear.gd.remap[39m[0m
[  98% ] [90m[1msavepack[22m | Сохранение файла: res://src/domain/combat/sm2_combat_item.gd.remap[39m[0m
[  98% ] [90m[1msavepack[22m | Сохранение файла: res://src/domain/combat/sm2_combat_profile.gd.remap[39m[0m
[  98% ] [90m[1msavepack[22m | Сохранение файла: res://src/domain/combat/sm2_combat_snapshot.gd.remap[39m[0m
[  98% ] [90m[1msavepack[22m | Сохранение файла: res://src/domain/combat/sm2_consequence_context.gd.remap[39m[0m
[  98% ] [90m[1msavepack[22m | Сохранение файла: res://src/domain/combat/sm2_departure_resolver.gd.remap[39m[0m
[  98% ] [90m[1msavepack[22m | Сохранение файла: res://src/domain/combat/sm2_hp_application.gd.remap[39m[0m
[  98% ] [90m[1msavepack[22m | Сохранение файла: res://src/domain/combat/sm2_hybrid_query.gd.remap[39m[0m
[  98% ] [90m[1msavepack[22m | Сохранение файла: res://src/domain/combat/sm2_morale_resolver.gd.remap[39m[0m
[  98% ] [90m[1msavepack[22m | Сохранение файла: res://src/domain/combat/sm2_retreat_policy.gd.remap[39m[0m
[  98% ] [90m[1msavepack[22m | Сохранение файла: res://src/domain/common/sm2_canonical.gd.remap[39m[0m
[  98% ] [90m[1msavepack[22m | Сохранение файла: res://src/domain/common/sm2_deterministic_rng.gd.remap[39m[0m
[  98% ] [90m[1msavepack[22m | Сохранение файла: res://src/domain/common/sm2_validate.gd.remap[39m[0m
[  98% ] [90m[1msavepack[22m | Сохранение файла: res://src/domain/content/sm2_ability_definition.gd.remap[39m[0m
[  98% ] [90m[1msavepack[22m | Сохранение файла: res://src/domain/content/sm2_actor_definition.gd.remap[39m[0m
[  98% ] [90m[1msavepack[22m | Сохранение файла: res://src/domain/content/sm2_catalog.gd.remap[39m[0m
[  98% ] [90m[1msavepack[22m | Сохранение файла: res://src/domain/content/sm2_status_definition.gd.remap[39m[0m
[  98% ] [90m[1msavepack[22m | Сохранение файла: res://src/domain/content/sm2_turn_catalog.gd.remap[39m[0m
[  98% ] [90m[1msavepack[22m | Сохранение файла: res://src/domain/content/sm2_turn_definition.gd.remap[39m[0m
[  98% ] [90m[1msavepack[22m | Сохранение файла: res://src/domain/content/sm2_weapon_definition.gd.remap[39m[0m
[  98% ] [90m[1msavepack[22m | Сохранение файла: res://src/domain/effects/sm2_combat_stat_query.gd.remap[39m[0m
[  98% ] [90m[1msavepack[22m | Сохранение файла: res://src/domain/effects/sm2_effect_action.gd.remap[39m[0m
[  98% ] [90m[1msavepack[22m | Сохранение файла: res://src/domain/effects/sm2_effect_catalog.gd.remap[39m[0m
[  98% ] [90m[1msavepack[22m | Сохранение файла: res://src/domain/effects/sm2_effect_definition.gd.remap[39m[0m
[  98% ] [90m[1msavepack[22m | Сохранение файла: res://src/domain/effects/sm2_effect_instance.gd.remap[39m[0m
[  98% ] [90m[1msavepack[22m | Сохранение файла: res://src/domain/effects/sm2_effect_operation.gd.remap[39m[0m
[  98% ] [90m[1msavepack[22m | Сохранение файла: res://src/domain/effects/sm2_effect_resolver.gd.remap[39m[0m
[  98% ] [90m[1msavepack[22m | Сохранение файла: res://src/domain/effects/sm2_effect_snapshot.gd.remap[39m[0m
[  98% ] [90m[1msavepack[22m | Сохранение файла: res://src/domain/magic/sm2_area_geometry.gd.remap[39m[0m
[  98% ] [90m[1msavepack[22m | Сохранение файла: res://src/domain/magic/sm2_area_spell_resolver.gd.remap[39m[0m
[  98% ] [90m[1msavepack[22m | Сохранение файла: res://src/domain/magic/sm2_barrier_resolver.gd.remap[39m[0m
[  98% ] [90m[1msavepack[22m | Сохранение файла: res://src/domain/magic/sm2_barrier_rules.gd.remap[39m[0m
[  98% ] [90m[1msavepack[22m | Сохранение файла: res://src/domain/magic/sm2_barrier_state.gd.remap[39m[0m
[  98% ] [90m[1msavepack[22m | Сохранение файла: res://src/domain/magic/sm2_magic_catalog.gd.remap[39m[0m
[  98% ] [90m[1msavepack[22m | Сохранение файла: res://src/domain/magic/sm2_magic_profile.gd.remap[39m[0m
[  98% ] [90m[1msavepack[22m | Сохранение файла: res://src/domain/magic/sm2_magic_snapshot.gd.remap[39m[0m
[  98% ] [90m[1msavepack[22m | Сохранение файла: res://src/domain/magic/sm2_mana_pool.gd.remap[39m[0m
[  98% ] [90m[1msavepack[22m | Сохранение файла: res://src/domain/magic/sm2_mana_resolver.gd.remap[39m[0m
[  98% ] [90m[1msavepack[22m | Сохранение файла: res://src/domain/magic/sm2_spell_definition.gd.remap[39m[0m
[  98% ] [90m[1msavepack[22m | Сохранение файла: res://src/domain/magic/sm2_spell_resolver.gd.remap[39m[0m
[  98% ] [90m[1msavepack[22m | Сохранение файла: res://src/domain/movement/sm2_field_session.gd.remap[39m[0m
[  98% ] [90m[1msavepack[22m | Сохранение файла: res://src/domain/movement/sm2_movement_resolver.gd.remap[39m[0m
[  98% ] [90m[1msavepack[22m | Сохранение файла: res://src/domain/movement/sm2_spatial_actor.gd.remap[39m[0m
[  98% ] [90m[1msavepack[22m | Сохранение файла: res://src/domain/progression/sm2_ability_parameter_query.gd.remap[39m[0m
[  98% ] [90m[1msavepack[22m | Сохранение файла: res://src/domain/progression/sm2_battle_development.gd.remap[39m[0m
[  98% ] [90m[1msavepack[22m | Сохранение файла: res://src/domain/progression/sm2_companion_progress.gd.remap[39m[0m
[  98% ] [90m[1msavepack[22m | Сохранение файла: res://src/domain/progression/sm2_development_catalog.gd.remap[39m[0m
[  98% ] [90m[1msavepack[22m | Сохранение файла: res://src/domain/progression/sm2_development_snapshot.gd.remap[39m[0m
[  98% ] [90m[1msavepack[22m | Сохранение файла: res://src/domain/progression/sm2_encounter_origin.gd.remap[39m[0m
[  98% ] [90m[1msavepack[22m | Сохранение файла: res://src/domain/progression/sm2_hybrid_catalog.gd.remap[39m[0m
[  98% ] [90m[1msavepack[22m | Сохранение файла: res://src/domain/progression/sm2_incarnation_record.gd.remap[39m[0m
[  98% ] [90m[1msavepack[22m | Сохранение файла: res://src/domain/progression/sm2_practice_capability.gd.remap[39m[0m
[  98% ] [90m[1msavepack[22m | Сохранение файла: res://src/domain/progression/sm2_practice_definition.gd.remap[39m[0m
[  98% ] [90m[1msavepack[22m | Сохранение файла: res://src/domain/progression/sm2_progress_body_state.gd.remap[39m[0m
[  98% ] [90m[1msavepack[22m | Сохранение файла: res://src/domain/progression/sm2_progress_catalog.gd.remap[39m[0m
[  98% ] [90m[1msavepack[22m | Сохранение файла: res://src/domain/progression/sm2_progress_command.gd.remap[39m[0m
[  98% ] [90m[1msavepack[22m | Сохранение файла: res://src/domain/progression/sm2_progress_lab.gd.remap[39m[0m
[  98% ] [90m[1msavepack[22m | Сохранение файла: res://src/domain/progression/sm2_progress_lab_state.gd.remap[39m[0m
[  98% ] [90m[1msavepack[22m | Сохранение файла: res://src/domain/progression/sm2_progress_node_definition.gd.remap[39m[0m
[  98% ] [90m[1msavepack[22m | Сохранение файла: res://src/domain/progression/sm2_progress_rules.gd.remap[39m[0m
[  98% ] [90m[1msavepack[22m | Сохранение файла: res://src/domain/progression/sm2_progress_snapshot.gd.remap[39m[0m
[  98% ] [90m[1msavepack[22m | Сохранение файла: res://src/domain/progression/sm2_progress_track_definition.gd.remap[39m[0m
[  98% ] [90m[1msavepack[22m | Сохранение файла: res://src/domain/progression/sm2_progress_track_state.gd.remap[39m[0m
[  98% ] [90m[1msavepack[22m | Сохранение файла: res://src/domain/progression/sm2_psionic_catalog.gd.remap[39m[0m
[  98% ] [90m[1msavepack[22m | Сохранение файла: res://src/domain/progression/sm2_psionic_cost_query.gd.remap[39m[0m
[  98% ] [90m[1msavepack[22m | Сохранение файла: res://src/domain/progression/sm2_soul_state.gd.remap[39m[0m
[  98% ] [90m[1msavepack[22m | Сохранение файла: res://src/domain/spatial/sm2_battlefield.gd.remap[39m[0m
[  98% ] [90m[1msavepack[22m | Сохранение файла: res://src/domain/spatial/sm2_hex.gd.remap[39m[0m
[  98% ] [90m[1msavepack[22m | Сохранение файла: res://src/domain/spatial/sm2_spatial_queries.gd.remap[39m[0m
[  98% ] [90m[1msavepack[22m | Сохранение файла: res://src/domain/tactical/sm2_tactical_actor.gd.remap[39m[0m
[  98% ] [90m[1msavepack[22m | Сохранение файла: res://src/domain/tactical/sm2_tactical_battle.gd.remap[39m[0m
[  98% ] [90m[1msavepack[22m | Сохранение файла: res://src/domain/tactical/sm2_tactical_snapshot.gd.remap[39m[0m
[  98% ] [90m[1msavepack[22m | Сохранение файла: res://src/domain/tactical/sm2_tactical_state.gd.remap[39m[0m
[  98% ] [90m[1msavepack[22m | Сохранение файла: res://src/domain/tactical/sm2_turn_scheduler.gd.remap[39m[0m
[  98% ] [90m[1msavepack[22m | Сохранение файла: res://src/domain/world/sm2_encounter_factory.gd.remap[39m[0m
[  98% ] [90m[1msavepack[22m | Сохранение файла: res://src/domain/world/sm2_exploration_catalog.gd.remap[39m[0m
[  98% ] [90m[1msavepack[22m | Сохранение файла: res://src/domain/world/sm2_exploration_state.gd.remap[39m[0m
[  98% ] [90m[1msavepack[22m | Сохранение файла: res://src/domain/world/sm2_journey_world.gd.remap[39m[0m
[  98% ] [90m[1msavepack[22m | Сохранение файла: res://src/domain/world/sm2_life_definition.gd.remap[39m[0m
[  98% ] [90m[1msavepack[22m | Сохранение файла: res://src/domain/world/sm2_life_world.gd.remap[39m[0m
[  98% ] [90m[1msavepack[22m | Сохранение файла: res://src/domain/world/sm2_region_catalog.gd.remap[39m[0m
[  98% ] [90m[1msavepack[22m | Сохранение файла: res://src/domain/world/sm2_region_state.gd.remap[39m[0m
[  98% ] [90m[1msavepack[22m | Сохранение файла: res://src/domain/world/sm2_world_body.gd.remap[39m[0m
[  98% ] [90m[1msavepack[22m | Сохранение файла: res://src/domain/world/sm2_world_command.gd.remap[39m[0m
[  98% ] [90m[1msavepack[22m | Сохранение файла: res://src/infrastructure/sm2_save_store.gd.remap[39m[0m
[  98% ] [90m[1msavepack[22m | Сохранение файла: res://src/presentation/sm2_attribute_screen.gd.remap[39m[0m
[  98% ] [90m[1msavepack[22m | Сохранение файла: res://src/presentation/sm2_backdrop.gd.remap[39m[0m
[  98% ] [90m[1msavepack[22m | Сохранение файла: res://src/presentation/sm2_battle_art.gd.remap[39m[0m
[  98% ] [90m[1msavepack[22m | Сохранение файла: res://src/presentation/sm2_battle_motion.gd.remap[39m[0m
[  98% ] [90m[1msavepack[22m | Сохранение файла: res://src/presentation/sm2_battle_progress_panel.gd.remap[39m[0m
[  98% ] [90m[1msavepack[22m | Сохранение файла: res://src/presentation/sm2_battle_screen.gd.remap[39m[0m
[  98% ] [90m[1msavepack[22m | Сохранение файла: res://src/presentation/sm2_battle_text.gd.remap[39m[0m
[  98% ] [90m[1msavepack[22m | Сохранение файла: res://src/presentation/sm2_combat_hud.gd.remap[39m[0m
[  98% ] [90m[1msavepack[22m | Сохранение файла: res://src/presentation/sm2_hero_development_screen.gd.remap[39m[0m
[  98% ] [90m[1msavepack[22m | Сохранение файла: res://src/presentation/sm2_hex_board.gd.remap[39m[0m
[  98% ] [90m[1msavepack[22m | Сохранение файла: res://src/presentation/sm2_journey_guide.gd.remap[39m[0m
[  98% ] [90m[1msavepack[22m | Сохранение файла: res://src/presentation/sm2_life_screen.gd.remap[39m[0m
[  98% ] [90m[1msavepack[22m | Сохранение файла: res://src/presentation/sm2_main.gd.remap[39m[0m
[  98% ] [90m[1msavepack[22m | Сохранение файла: res://src/presentation/sm2_progress_screen.gd.remap[39m[0m
[  98% ] [90m[1msavepack[22m | Сохранение файла: res://src/presentation/sm2_survival_panel.gd.remap[39m[0m
[  98% ] [90m[1msavepack[22m | Сохранение файла: res://src/presentation/sm2_survival_workspace.gd.remap[39m[0m
[  98% ] [90m[1msavepack[22m | Сохранение файла: res://.godot/global_script_class_cache.cfg[39m[0m
[  98% ] [90m[1msavepack[22m | Сохранение файла: res://.godot/uid_cache.bin[39m[0m
[  98% ] [90m[1msavepack[22m | Сохранение файла: res://project.binary[39m[0m
[92m[ DONE ][39m [1msavepack[22m
[0m


ExitCode: 0
