warning: in the working copy of 'AGENTS.md', CRLF will be replaced by LF the next time Git touches it
warning: in the working copy of 'README.md', CRLF will be replaced by LF the next time Git touches it
warning: in the working copy of 'docs/DECISIONS.md', CRLF will be replaced by LF the next time Git touches it
warning: in the working copy of 'docs/DEVELOPMENT_ROADMAP.md', CRLF will be replaced by LF the next time Git touches it
warning: in the working copy of 'project.godot', CRLF will be replaced by LF the next time Git touches it
warning: in the working copy of 'src/application/sm2_battle_results_view.gd', CRLF will be replaced by LF the next time Git touches it
warning: in the working copy of 'src/application/sm2_battle_runner.gd', CRLF will be replaced by LF the next time Git touches it
warning: in the working copy of 'src/application/sm2_campaigns.gd', CRLF will be replaced by LF the next time Git touches it
warning: in the working copy of 'src/application/sm2_hero_development_view.gd', CRLF will be replaced by LF the next time Git touches it
warning: in the working copy of 'src/application/sm2_journey_session.gd', CRLF will be replaced by LF the next time Git touches it
warning: in the working copy of 'src/application/sm2_tactical_session.gd', CRLF will be replaced by LF the next time Git touches it
warning: in the working copy of 'src/domain/body/sm2_survival_battle.gd', CRLF will be replaced by LF the next time Git touches it
warning: in the working copy of 'src/domain/progression/sm2_ability_parameter_query.gd', CRLF will be replaced by LF the next time Git touches it
warning: in the working copy of 'src/domain/progression/sm2_battle_development.gd', CRLF will be replaced by LF the next time Git touches it
warning: in the working copy of 'src/domain/progression/sm2_development_catalog.gd', CRLF will be replaced by LF the next time Git touches it
warning: in the working copy of 'src/domain/progression/sm2_development_snapshot.gd', CRLF will be replaced by LF the next time Git touches it
warning: in the working copy of 'src/domain/progression/sm2_encounter_origin.gd', CRLF will be replaced by LF the next time Git touches it
warning: in the working copy of 'src/domain/progression/sm2_progress_catalog.gd', CRLF will be replaced by LF the next time Git touches it
warning: in the working copy of 'src/domain/progression/sm2_progress_rules.gd', CRLF will be replaced by LF the next time Git touches it
warning: in the working copy of 'src/domain/tactical/sm2_tactical_battle.gd', CRLF will be replaced by LF the next time Git touches it
warning: in the working copy of 'src/domain/world/sm2_journey_world.gd', CRLF will be replaced by LF the next time Git touches it
warning: in the working copy of 'src/presentation/sm2_battle_progress_panel.gd', CRLF will be replaced by LF the next time Git touches it
warning: in the working copy of 'src/presentation/sm2_battle_results_screen.gd', CRLF will be replaced by LF the next time Git touches it
warning: in the working copy of 'src/presentation/sm2_battle_text.gd', CRLF will be replaced by LF the next time Git touches it
warning: in the working copy of 'src/presentation/sm2_camp_screen.gd', CRLF will be replaced by LF the next time Git touches it
warning: in the working copy of 'src/presentation/sm2_hero_development_screen.gd', CRLF will be replaced by LF the next time Git touches it
warning: in the working copy of 'src/presentation/sm2_life_screen.gd', CRLF will be replaced by LF the next time Git touches it
warning: in the working copy of 'src/presentation/sm2_main.gd', CRLF will be replaced by LF the next time Git touches it
warning: in the working copy of 'src/presentation/sm2_start_screen.gd', CRLF will be replaced by LF the next time Git touches it
warning: in the working copy of 'src/presentation/sm2_survival_workspace.gd', CRLF will be replaced by LF the next time Git touches it
warning: in the working copy of 'tests/battle_results_ui.gd', CRLF will be replaced by LF the next time Git touches it
warning: in the working copy of 'tests/scenarios/test_campaigns.gd', CRLF will be replaced by LF the next time Git touches it
warning: in the working copy of 'tests/test_runner.gd', CRLF will be replaced by LF the next time Git touches it
warning: in the working copy of 'tools/run_ui_checks.ps1', LF will be replaced by CRLF the next time Git touches it
