[2026-09-13T11:25:07.7241835+03:00] C:\Users\Alexandr\AppData\Local\Microsoft\WinGet\Packages\GodotEngine.GodotEngine_Microsoft.Winget.Source_8wekyb3d8bbwe\Godot_v4.7.2-stable_win64.exe --version
RuntimeRoot: E:\GPT\SM2\.local\combat-io-1\core-expedition
4.7.2.stable.official.ed1daf0bf


ExitCode: 0
[2026-09-13T11:25:07.7764947+03:00] C:\Users\Alexandr\AppData\Local\Microsoft\WinGet\Packages\GodotEngine.GodotEngine_Microsoft.Winget.Source_8wekyb3d8bbwe\Godot_v4.7.2-stable_win64.exe --headless --path E:\GPT\SM2 --editor --import
RuntimeRoot: E:\GPT\SM2\.local\combat-io-1\core-expedition
Godot Engine v4.7.2.stable.official.ed1daf0bf - https://godotengine.org

[   0% ] [90m[1mfirst_scan_filesystem[22m | Started Инициализация проекта (5 steps)[39m[0m
[   0% ] [90m[1mfirst_scan_filesystem[22m | Сканирование структуры файлов…[39m[0m
[  16% ] [90m[1mfirst_scan_filesystem[22m | Загрузка глобальных имен классов…[39m[0m
[  33% ] [90m[1mfirst_scan_filesystem[22m | Проверка GDExtensions…[39m[0m
[  50% ] [90m[1mfirst_scan_filesystem[22m | Создание скриптов автозагрузки…[39m[0m
[  66% ] [90m[1mfirst_scan_filesystem[22m | Инициализация плагинов…[39m[0m
[  83% ] [90m[1mfirst_scan_filesystem[22m | Начало сканирование файлов…[39m[0m
[92m[ DONE ][39m [1mfirst_scan_filesystem[22m
[0m
[   0% ] [90m[1mloading_editor_layout[22m | Started Загрузка редактора (5 steps)[39m[0m
[   0% ] [90m[1mloading_editor_layout[22m | Загрузка макета редактора…[39m[0m
[  16% ] [90m[1mloading_editor_layout[22m | Загрузка док-панели…[39m[0m
[92m[ DONE ][39m [1mloading_editor_layout[22m
[0m


ExitCode: 0
[2026-09-13T11:25:11.6524069+03:00] C:\Users\Alexandr\AppData\Local\Microsoft\WinGet\Packages\GodotEngine.GodotEngine_Microsoft.Winget.Source_8wekyb3d8bbwe\Godot_v4.7.2-stable_win64.exe --headless --path E:\GPT\SM2 --script res://tests/test_runner.gd -- --suite expedition --report E:\GPT\SM2\.local\logs\checks-20260913-112507-570-9fddef31.json
RuntimeRoot: E:\GPT\SM2\.local\combat-io-1\core-expedition
Godot Engine v4.7.2.stable.official.ed1daf0bf - https://godotengine.org

EXPEDITION_ORDINARY_COMBAT {"hero":2,"outcome":"Победа отряда","party":[{"alive":true,"bleeding":870,"blood":4772,"body_id":2,"lost":[],"max_blood":5000,"name":"Герой","practice":[{"after":3,"before":1,"title":"Ближний бой","xp":360},{"after":12,"before":10,"title":"Мощь","xp":270}],"status":"Выжил на поле","wounds":3},{"alive":false,"bleeding":2150,"blood":4901,"body_id":4,"lost":["Туловище","Сердце"],"max_blood":5000,"name":"Спутник","practice":[{"after":2,"before":1,"title":"Общий опыт","xp":200}],"status":"Погиб","wounds":7}]}
SM2_TEST_REPORT {"checks":155,"engine_version":"4.7.2-stable (official)","failures":[],"passed":true,"suites":["expedition"]}


ExitCode: 0
