[2026-09-13T15:04:00.8097643+03:00] C:\Users\Alexandr\AppData\Local\Microsoft\WinGet\Packages\GodotEngine.GodotEngine_Microsoft.Winget.Source_8wekyb3d8bbwe\Godot_v4.7.2-stable_win64.exe --version
RuntimeRoot: E:\GPT\SM2\.local\creatures-1\import
4.7.2.stable.official.ed1daf0bf


ExitCode: 0
[2026-09-13T15:04:00.8573020+03:00] C:\Users\Alexandr\AppData\Local\Microsoft\WinGet\Packages\GodotEngine.GodotEngine_Microsoft.Winget.Source_8wekyb3d8bbwe\Godot_v4.7.2-stable_win64.exe --headless --path E:\GPT\SM2 --editor --import
RuntimeRoot: E:\GPT\SM2\.local\creatures-1\import
Godot Engine v4.7.2.stable.official.ed1daf0bf - https://godotengine.org

[   0% ] [90m[1mfirst_scan_filesystem[22m | Started Инициализация проекта (5 steps)[39m[0m
[   0% ] [90m[1mfirst_scan_filesystem[22m | Сканирование структуры файлов…[39m[0m
[  16% ] [90m[1mfirst_scan_filesystem[22m | Загрузка глобальных имен классов…[39m[0m
[  33% ] [90m[1mfirst_scan_filesystem[22m | Проверка GDExtensions…[39m[0m
[  50% ] [90m[1mfirst_scan_filesystem[22m | Создание скриптов автозагрузки…[39m[0m
[  66% ] [90m[1mfirst_scan_filesystem[22m | Инициализация плагинов…[39m[0m
[  83% ] [90m[1mfirst_scan_filesystem[22m | Начало сканирование файлов…[39m[0m
[92m[ DONE ][39m [1mfirst_scan_filesystem[22m
[0m
[   0% ] [90m[1mupdate_scripts_classes[22m | Started Регистрация глобальных классов… (6 steps)[39m[0m
[   0% ] [90m[1mupdate_scripts_classes[22m | Sm2CreatureBattleRunner[39m[0m
[  14% ] [90m[1mupdate_scripts_classes[22m | Sm2CreatureContentLoader[39m[0m
[  28% ] [90m[1mupdate_scripts_classes[22m | Sm2CreatureCatalog[39m[0m
[  42% ] [90m[1mupdate_scripts_classes[22m | Sm2BattleScreen[39m[0m
[  57% ] [90m[1mupdate_scripts_classes[22m | Sm2HexBoard[39m[0m
[  71% ] [90m[1mupdate_scripts_classes[22m | [39m[0m
[92m[ DONE ][39m [1mupdate_scripts_classes[22m
[0m
[   0% ] [90m[1mloading_editor_layout[22m | Started Загрузка редактора (5 steps)[39m[0m
[   0% ] [90m[1mloading_editor_layout[22m | Загрузка макета редактора…[39m[0m
[  16% ] [90m[1mloading_editor_layout[22m | Загрузка док-панели…[39m[0m
[92m[ DONE ][39m [1mloading_editor_layout[22m
[0m


ExitCode: 0
[2026-09-13T15:04:04.9303312+03:00] C:\Users\Alexandr\AppData\Local\Microsoft\WinGet\Packages\GodotEngine.GodotEngine_Microsoft.Winget.Source_8wekyb3d8bbwe\Godot_v4.7.2-stable_win64.exe --headless --path E:\GPT\SM2 --script res://tests/test_runner.gd -- --suite unit --report E:\GPT\SM2\.local\logs\checks-20260913-150400-635-6792b163.json
RuntimeRoot: E:\GPT\SM2\.local\creatures-1\import
Godot Engine v4.7.2.stable.official.ed1daf0bf - https://godotengine.org

SM2_TEST_REPORT {"checks":538,"engine_version":"4.7.2-stable (official)","failures":[],"passed":true,"suites":["unit"]}


ExitCode: 0
