[2026-09-13T12:06:56.0288966+03:00] C:\Users\Alexandr\AppData\Local\Microsoft\WinGet\Packages\GodotEngine.GodotEngine_Microsoft.Winget.Source_8wekyb3d8bbwe\Godot_v4.7.2-stable_win64.exe --version
RuntimeRoot: E:\GPT\SM2\.local\after-battle-1\core-development_scale
4.7.2.stable.official.ed1daf0bf


ExitCode: 0
[2026-09-13T12:06:56.0773996+03:00] C:\Users\Alexandr\AppData\Local\Microsoft\WinGet\Packages\GodotEngine.GodotEngine_Microsoft.Winget.Source_8wekyb3d8bbwe\Godot_v4.7.2-stable_win64.exe --headless --path E:\GPT\SM2 --editor --import
RuntimeRoot: E:\GPT\SM2\.local\after-battle-1\core-development_scale
Godot Engine v4.7.2.stable.official.ed1daf0bf - https://godotengine.org

[   0% ] [90m[1mfirst_scan_filesystem[22m | Started Инициализация проекта (5 steps)[39m[0m
[   0% ] [90m[1mfirst_scan_filesystem[22m | Сканирование структуры файлов…[39m[0m
[  16% ] [90m[1mfirst_scan_filesystem[22m | Загрузка глобальных имен классов…[39m[0m
[  33% ] [90m[1mfirst_scan_filesystem[22m | Проверка GDExtensions…[39m[0m
[  50% ] [90m[1mfirst_scan_filesystem[22m | Создание скриптов автозагрузки…[39m[0m
[  66% ] [90m[1mfirst_scan_filesystem[22m | Инициализация плагинов…[39m[0m
[  83% ] [90m[1mfirst_scan_filesystem[22m | Начало сканирование файлов…[39m[0m
[92m[ DONE ][39m [1mfirst_scan_filesystem[22m
[0m
[   0% ] [90m[1mloading_editor_layout[22m | Started Загрузка редактора (5 steps)[39m[0m
[   0% ] [90m[1mloading_editor_layout[22m | Загрузка макета редактора…[39m[0m
[  16% ] [90m[1mloading_editor_layout[22m | Загрузка док-панели…[39m[0m
[92m[ DONE ][39m [1mloading_editor_layout[22m
[0m


ExitCode: 0
[2026-09-13T12:06:59.7706406+03:00] C:\Users\Alexandr\AppData\Local\Microsoft\WinGet\Packages\GodotEngine.GodotEngine_Microsoft.Winget.Source_8wekyb3d8bbwe\Godot_v4.7.2-stable_win64.exe --headless --path E:\GPT\SM2 --script res://tests/test_runner.gd -- --suite development_scale --report E:\GPT\SM2\.local\logs\checks-20260913-120655-868-12ad928b.json
RuntimeRoot: E:\GPT\SM2\.local\after-battle-1\core-development_scale
Godot Engine v4.7.2.stable.official.ed1daf0bf - https://godotengine.org

SCALE {"all_tracks_ms":1.49,"build_ms":2.89,"decode_ms":2.177,"nodes":100,"purchase_all_ms":1.804,"tracks":200,"unrelated_track_ms":0.016}
SCALE {"all_tracks_ms":1.975,"build_ms":14.176,"decode_ms":8.272,"nodes":1000,"purchase_all_ms":20.128,"tracks":200,"unrelated_track_ms":0.02}
SCALE {"all_tracks_ms":5.889,"build_ms":141.686,"decode_ms":76.112,"nodes":10000,"purchase_all_ms":208.867,"tracks":200,"unrelated_track_ms":0.033}
SCALE integration
SCALE combat started
SCALE combat step 0 236.036 ms
SCALE combat step 1 230.916 ms
SCALE combat step 2 214.984 ms
SCALE combat step 3 1577.014 ms
SCALE combat settled
DEVELOPMENT_SCALE [{"all_tracks_ms":1.49,"build_ms":2.89,"decode_ms":2.177,"nodes":100,"purchase_all_ms":1.804,"tracks":200,"unrelated_track_ms":0.016},{"all_tracks_ms":1.975,"build_ms":14.176,"decode_ms":8.272,"nodes":1000,"purchase_all_ms":20.128,"tracks":200,"unrelated_track_ms":0.02},{"all_tracks_ms":5.889,"build_ms":141.686,"decode_ms":76.112,"nodes":10000,"purchase_all_ms":208.867,"tracks":200,"unrelated_track_ms":0.033},{"ms":11.268,"name":"large_view_first_page"},{"ms":1068.832,"name":"large_campaign_save","owned_fixture_nodes":9985},{"ms":833.862,"name":"large_campaign_load"}]
SM2_TEST_REPORT {"checks":94,"engine_version":"4.7.2-stable (official)","failures":[],"passed":true,"suites":["development_scale"]}


ExitCode: 0
