[2026-09-13T01:48:40.1576817+03:00] C:\Users\Alexandr\AppData\Local\Microsoft\WinGet\Packages\GodotEngine.GodotEngine_Microsoft.Winget.Source_8wekyb3d8bbwe\Godot_v4.7.2-stable_win64.exe --version
RuntimeRoot: E:\GPT\SM2\.local\development-3\scale-final
4.7.2.stable.official.ed1daf0bf


ExitCode: 0
[2026-09-13T01:48:40.2080041+03:00] C:\Users\Alexandr\AppData\Local\Microsoft\WinGet\Packages\GodotEngine.GodotEngine_Microsoft.Winget.Source_8wekyb3d8bbwe\Godot_v4.7.2-stable_win64.exe --headless --path E:\GPT\SM2 --editor --import
RuntimeRoot: E:\GPT\SM2\.local\development-3\scale-final
Godot Engine v4.7.2.stable.official.ed1daf0bf - https://godotengine.org

[   0% ] [90m[1mfirst_scan_filesystem[22m | Started Инициализация проекта (5 steps)[39m[0m
[   0% ] [90m[1mfirst_scan_filesystem[22m | Сканирование структуры файлов…[39m[0m
[  16% ] [90m[1mfirst_scan_filesystem[22m | Загрузка глобальных имен классов…[39m[0m
[  33% ] [90m[1mfirst_scan_filesystem[22m | Проверка GDExtensions…[39m[0m
[  50% ] [90m[1mfirst_scan_filesystem[22m | Создание скриптов автозагрузки…[39m[0m
[  66% ] [90m[1mfirst_scan_filesystem[22m | Инициализация плагинов…[39m[0m
[  83% ] [90m[1mfirst_scan_filesystem[22m | Начало сканирование файлов…[39m[0m
[92m[ DONE ][39m [1mfirst_scan_filesystem[22m
[0m
[   0% ] [90m[1mupdate_scripts_classes[22m | Started Регистрация глобальных классов… (5 steps)[39m[0m
[   0% ] [90m[1mupdate_scripts_classes[22m | Sm2BattleRunner[39m[0m
[  16% ] [90m[1mupdate_scripts_classes[22m | Sm2CheckpointSession[39m[0m
[  33% ] [90m[1mupdate_scripts_classes[22m | Sm2TacticalSession[39m[0m
[  50% ] [90m[1mupdate_scripts_classes[22m | Sm2BattleDevelopment[39m[0m
[  66% ] [90m[1mupdate_scripts_classes[22m | Sm2TacticalBattle[39m[0m
[92m[ DONE ][39m [1mupdate_scripts_classes[22m
[0m
[   0% ] [90m[1mloading_editor_layout[22m | Started Загрузка редактора (5 steps)[39m[0m
[   0% ] [90m[1mloading_editor_layout[22m | Загрузка макета редактора…[39m[0m
[  16% ] [90m[1mloading_editor_layout[22m | Загрузка док-панели…[39m[0m
[92m[ DONE ][39m [1mloading_editor_layout[22m
[0m


ExitCode: 0
[2026-09-13T01:48:44.0710757+03:00] C:\Users\Alexandr\AppData\Local\Microsoft\WinGet\Packages\GodotEngine.GodotEngine_Microsoft.Winget.Source_8wekyb3d8bbwe\Godot_v4.7.2-stable_win64.exe --headless --path E:\GPT\SM2 --script res://tests/test_runner.gd -- --suite development_scale --report E:\GPT\SM2\.local\logs\checks-20260913-014840-019-2bf01fe6.json
RuntimeRoot: E:\GPT\SM2\.local\development-3\scale-final
Godot Engine v4.7.2.stable.official.ed1daf0bf - https://godotengine.org

SCALE {"all_tracks_ms":1.573,"build_ms":2.972,"decode_ms":2.26,"nodes":100,"purchase_all_ms":1.824,"tracks":200,"unrelated_track_ms":0.016}
SCALE {"all_tracks_ms":1.991,"build_ms":14.674,"decode_ms":8.38,"nodes":1000,"purchase_all_ms":18.93,"tracks":200,"unrelated_track_ms":0.02}
SCALE {"all_tracks_ms":5.989,"build_ms":141.401,"decode_ms":76.315,"nodes":10000,"purchase_all_ms":211.4,"tracks":200,"unrelated_track_ms":0.028}
SCALE integration
SCALE combat started
SCALE combat step 0 3548.524 ms
SCALE combat step 1 3943.572 ms
SCALE combat step 2 3878.146 ms
SCALE combat step 3 6374.818 ms
SCALE combat settled
DEVELOPMENT_SCALE [{"all_tracks_ms":1.573,"build_ms":2.972,"decode_ms":2.26,"nodes":100,"purchase_all_ms":1.824,"tracks":200,"unrelated_track_ms":0.016},{"all_tracks_ms":1.991,"build_ms":14.674,"decode_ms":8.38,"nodes":1000,"purchase_all_ms":18.93,"tracks":200,"unrelated_track_ms":0.02},{"all_tracks_ms":5.989,"build_ms":141.401,"decode_ms":76.315,"nodes":10000,"purchase_all_ms":211.4,"tracks":200,"unrelated_track_ms":0.028},{"ms":11.35,"name":"large_view_first_page"},{"ms":2558.089,"name":"large_campaign_save","owned_fixture_nodes":9985},{"ms":1754.022,"name":"large_campaign_load"}]
SM2_TEST_REPORT {"checks":94,"engine_version":"4.7.2-stable (official)","failures":[],"passed":true,"suites":["development_scale"]}


ExitCode: 0
