[2026-09-13T11:20:20.5850834+03:00] C:\Users\Alexandr\AppData\Local\Microsoft\WinGet\Packages\GodotEngine.GodotEngine_Microsoft.Winget.Source_8wekyb3d8bbwe\Godot_v4.7.2-stable_win64.exe --version
RuntimeRoot: E:\GPT\SM2\.local\combat-io-1\final
4.7.2.stable.official.ed1daf0bf


ExitCode: 0
[2026-09-13T11:20:20.6341186+03:00] C:\Users\Alexandr\AppData\Local\Microsoft\WinGet\Packages\GodotEngine.GodotEngine_Microsoft.Winget.Source_8wekyb3d8bbwe\Godot_v4.7.2-stable_win64.exe --headless --path E:\GPT\SM2 --editor --import
RuntimeRoot: E:\GPT\SM2\.local\combat-io-1\final
Godot Engine v4.7.2.stable.official.ed1daf0bf - https://godotengine.org

[   0% ] [90m[1mfirst_scan_filesystem[22m | Started Инициализация проекта (5 steps)[39m[0m
[   0% ] [90m[1mfirst_scan_filesystem[22m | Сканирование структуры файлов…[39m[0m
[  16% ] [90m[1mfirst_scan_filesystem[22m | Загрузка глобальных имен классов…[39m[0m
[  33% ] [90m[1mfirst_scan_filesystem[22m | Проверка GDExtensions…[39m[0m
[  50% ] [90m[1mfirst_scan_filesystem[22m | Создание скриптов автозагрузки…[39m[0m
[  66% ] [90m[1mfirst_scan_filesystem[22m | Инициализация плагинов…[39m[0m
[  83% ] [90m[1mfirst_scan_filesystem[22m | Начало сканирование файлов…[39m[0m
[92m[ DONE ][39m [1mfirst_scan_filesystem[22m
[0m
[   0% ] [90m[1mupdate_scripts_classes[22m | Started Регистрация глобальных классов… (8 steps)[39m[0m
[   0% ] [90m[1mupdate_scripts_classes[22m | Sm2BattleResultsView[39m[0m
[  11% ] [90m[1mupdate_scripts_classes[22m | Sm2BattleRunner[39m[0m
[  22% ] [90m[1mupdate_scripts_classes[22m | Sm2CheckpointSession[39m[0m
[  33% ] [90m[1mupdate_scripts_classes[22m | Sm2JourneySession[39m[0m
[  44% ] [90m[1mupdate_scripts_classes[22m | Sm2TacticalSession[39m[0m
[  55% ] [90m[1mupdate_scripts_classes[22m | Sm2DevelopmentCatalog[39m[0m
[  66% ] [90m[1mupdate_scripts_classes[22m | Sm2TacticalBattle[39m[0m
[  77% ] [90m[1mupdate_scripts_classes[22m | Sm2EncounterFactory[39m[0m
[92m[ DONE ][39m [1mupdate_scripts_classes[22m
[0m
[   0% ] [90m[1mloading_editor_layout[22m | Started Загрузка редактора (5 steps)[39m[0m
[   0% ] [90m[1mloading_editor_layout[22m | Загрузка макета редактора…[39m[0m
[  16% ] [90m[1mloading_editor_layout[22m | Загрузка док-панели…[39m[0m
[92m[ DONE ][39m [1mloading_editor_layout[22m
[0m


ExitCode: 0
[2026-09-13T11:20:24.6155961+03:00] C:\Users\Alexandr\AppData\Local\Microsoft\WinGet\Packages\GodotEngine.GodotEngine_Microsoft.Winget.Source_8wekyb3d8bbwe\Godot_v4.7.2-stable_win64.exe --headless --path E:\GPT\SM2 --script res://tools/check_combat_io.gd -- --output E:\GPT\SM2\outputs\combat-io-1\final
RuntimeRoot: E:\GPT\SM2\.local\combat-io-1\final
Godot Engine v4.7.2.stable.official.ed1daf0bf - https://godotengine.org

COMBAT_RUNTIME start_battle 1818.622 ms
COMBAT_RUNTIME prepare 69.080 ms
COMBAT_RUNTIME check_battle 284.937 ms
COMBAT_RUNTIME action_0_move 205.692 ms
COMBAT_RUNTIME action_1_move 211.201 ms
COMBAT_RUNTIME action_2_use_ability 339.566 ms
COMBAT_RUNTIME action_3_end_turn 207.727 ms
COMBAT_RUNTIME action_4_move 213.644 ms
COMBAT_RUNTIME action_5_move 209.357 ms
COMBAT_RUNTIME action_6_use_ability 208.321 ms
COMBAT_RUNTIME active_save 3013.161 ms
COMBAT_RUNTIME active_resave 5899.920 ms
COMBAT_RUNTIME active_load 3279.871 ms
COMBAT_RUNTIME action_7_end_turn 228.793 ms
COMBAT_RUNTIME action_8_ai 236.854 ms
COMBAT_RUNTIME action_9_ai 233.978 ms
COMBAT_RUNTIME action_10_ai 230.017 ms
COMBAT_RUNTIME action_11_ai 271.011 ms
COMBAT_RUNTIME action_12_ai 240.349 ms
COMBAT_RUNTIME action_13_ai 234.935 ms
COMBAT_RUNTIME action_14_use_ability 326.931 ms
COMBAT_RUNTIME action_15_use_ability 383.525 ms
COMBAT_RUNTIME action_16_end_turn 205.351 ms
COMBAT_RUNTIME action_17_use_ability 218.842 ms
COMBAT_RUNTIME action_18_use_ability 225.706 ms
COMBAT_RUNTIME action_19_end_turn 223.889 ms
COMBAT_RUNTIME action_20_ai 240.844 ms
COMBAT_RUNTIME action_21_ai 230.495 ms
COMBAT_RUNTIME action_22_ai 254.609 ms
COMBAT_RUNTIME action_23_move 210.232 ms
COMBAT_RUNTIME action_24_move 224.155 ms
COMBAT_RUNTIME action_25_use_ability 363.941 ms
COMBAT_RUNTIME action_26_end_turn 386.467 ms
COMBAT_RUNTIME action_27_use_ability 228.813 ms
COMBAT_RUNTIME action_28_use_ability 214.086 ms
COMBAT_RUNTIME action_29_end_turn 223.032 ms
COMBAT_RUNTIME action_30_ai 225.690 ms
COMBAT_RUNTIME action_31_ai 240.779 ms
COMBAT_RUNTIME action_32_ai 236.737 ms
COMBAT_RUNTIME action_33_use_ability 355.770 ms
COMBAT_RUNTIME action_34_use_ability 384.499 ms
COMBAT_RUNTIME action_35_end_turn 222.550 ms
COMBAT_RUNTIME action_36_ai 248.200 ms
COMBAT_RUNTIME action_37_ai 232.264 ms
COMBAT_RUNTIME action_38_ai 241.475 ms
COMBAT_RUNTIME action_39_use_ability 402.293 ms
COMBAT_RUNTIME action_40_use_ability 376.067 ms
COMBAT_RUNTIME action_41_end_turn 219.593 ms
COMBAT_RUNTIME action_42_ai 232.024 ms
COMBAT_RUNTIME action_43_ai 238.792 ms
COMBAT_RUNTIME action_44_ai 209.095 ms
COMBAT_RUNTIME action_45_use_ability 2022.002 ms
COMBAT_RUNTIME results_view 494.343 ms
COMBAT_RUNTIME finished_save 6881.669 ms
COMBAT_RUNTIME finished_load 3259.843 ms


ExitCode: 0
