[2026-09-13T00:27:00.5375657+03:00] C:\Users\Alexandr\AppData\Local\Microsoft\WinGet\Packages\GodotEngine.GodotEngine_Microsoft.Winget.Source_8wekyb3d8bbwe\Godot_v4.7.2-stable_win64.exe --version
RuntimeRoot: E:\GPT\SM2\.local\checkpoint-1\scale2
4.7.2.stable.official.ed1daf0bf


ExitCode: 0
[2026-09-13T00:27:00.5885775+03:00] C:\Users\Alexandr\AppData\Local\Microsoft\WinGet\Packages\GodotEngine.GodotEngine_Microsoft.Winget.Source_8wekyb3d8bbwe\Godot_v4.7.2-stable_win64.exe --headless --path E:\GPT\SM2 --editor --import
RuntimeRoot: E:\GPT\SM2\.local\checkpoint-1\scale2
Godot Engine v4.7.2.stable.official.ed1daf0bf - https://godotengine.org

[   0% ] [90m[1mfirst_scan_filesystem[22m | Started Инициализация проекта (5 steps)[39m[0m
[   0% ] [90m[1mfirst_scan_filesystem[22m | Сканирование структуры файлов…[39m[0m
[  16% ] [90m[1mfirst_scan_filesystem[22m | Загрузка глобальных имен классов…[39m[0m
[  33% ] [90m[1mfirst_scan_filesystem[22m | Проверка GDExtensions…[39m[0m
[  50% ] [90m[1mfirst_scan_filesystem[22m | Создание скриптов автозагрузки…[39m[0m
[  66% ] [90m[1mfirst_scan_filesystem[22m | Инициализация плагинов…[39m[0m
[  83% ] [90m[1mfirst_scan_filesystem[22m | Начало сканирование файлов…[39m[0m
[92m[ DONE ][39m [1mfirst_scan_filesystem[22m
[0m
[   0% ] [90m[1mupdate_scripts_classes[22m | Started Регистрация глобальных классов… (2 steps)[39m[0m
[   0% ] [90m[1mupdate_scripts_classes[22m | Sm2CheckpointSession[39m[0m
[  33% ] [90m[1mupdate_scripts_classes[22m | [39m[0m
[92m[ DONE ][39m [1mupdate_scripts_classes[22m
[0m
[   0% ] [90m[1mloading_editor_layout[22m | Started Загрузка редактора (5 steps)[39m[0m
[   0% ] [90m[1mloading_editor_layout[22m | Загрузка макета редактора…[39m[0m
[  16% ] [90m[1mloading_editor_layout[22m | Загрузка док-панели…[39m[0m
[92m[ DONE ][39m [1mloading_editor_layout[22m
[0m


ExitCode: 0
[2026-09-13T00:27:04.5784327+03:00] C:\Users\Alexandr\AppData\Local\Microsoft\WinGet\Packages\GodotEngine.GodotEngine_Microsoft.Winget.Source_8wekyb3d8bbwe\Godot_v4.7.2-stable_win64.exe --headless --path E:\GPT\SM2 --script res://tools/check_checkpoint.gd -- --source E:\GPT\SM2\.local\foundation-3\verified\appdata\SM2\foundation\4096\survival_tissues.json --report E:\GPT\SM2\outputs\checkpoint-1\scale2\report.json
RuntimeRoot: E:\GPT\SM2\.local\checkpoint-1\scale2
Godot Engine v4.7.2.stable.official.ed1daf0bf - https://godotengine.org

CHECKPOINT legacy_import_4096: 73866.638 ms
CHECKPOINT extend_to_4160: 5416.090 ms
CHECKPOINT save_4160: 4244.701 ms
CHECKPOINT load_4160: 501.670 ms
CHECKPOINT journal_4160: 16.517 ms
CHECKPOINT objective_4160: 1.264 ms
CHECKPOINT cold_campaign_open_4160: 1613.213 ms
CHECKPOINT_SCALE_OK


ExitCode: 1
