[2026-09-13T00:41:19.1787021+03:00] C:\Users\Alexandr\AppData\Local\Microsoft\WinGet\Packages\GodotEngine.GodotEngine_Microsoft.Winget.Source_8wekyb3d8bbwe\Godot_v4.7.2-stable_win64.exe --version
RuntimeRoot: E:\GPT\SM2\.local\checkpoint-1\verified
4.7.2.stable.official.ed1daf0bf


ExitCode: 0
[2026-09-13T00:41:19.2311246+03:00] C:\Users\Alexandr\AppData\Local\Microsoft\WinGet\Packages\GodotEngine.GodotEngine_Microsoft.Winget.Source_8wekyb3d8bbwe\Godot_v4.7.2-stable_win64.exe --headless --path E:\GPT\SM2 --editor --import
RuntimeRoot: E:\GPT\SM2\.local\checkpoint-1\verified
Godot Engine v4.7.2.stable.official.ed1daf0bf - https://godotengine.org

[   0% ] [90m[1mfirst_scan_filesystem[22m | Started Инициализация проекта (5 steps)[39m[0m
[   0% ] [90m[1mfirst_scan_filesystem[22m | Сканирование структуры файлов…[39m[0m
[  16% ] [90m[1mfirst_scan_filesystem[22m | Загрузка глобальных имен классов…[39m[0m
[  33% ] [90m[1mfirst_scan_filesystem[22m | Проверка GDExtensions…[39m[0m
[  50% ] [90m[1mfirst_scan_filesystem[22m | Создание скриптов автозагрузки…[39m[0m
[  66% ] [90m[1mfirst_scan_filesystem[22m | Инициализация плагинов…[39m[0m
[  83% ] [90m[1mfirst_scan_filesystem[22m | Начало сканирование файлов…[39m[0m
[92m[ DONE ][39m [1mfirst_scan_filesystem[22m
[0m
[   0% ] [90m[1mloading_editor_layout[22m | Started Загрузка редактора (5 steps)[39m[0m
[   0% ] [90m[1mloading_editor_layout[22m | Загрузка макета редактора…[39m[0m
[  16% ] [90m[1mloading_editor_layout[22m | Загрузка док-панели…[39m[0m
[92m[ DONE ][39m [1mloading_editor_layout[22m
[0m


ExitCode: 0
[2026-09-13T00:41:23.3837621+03:00] C:\Users\Alexandr\AppData\Local\Microsoft\WinGet\Packages\GodotEngine.GodotEngine_Microsoft.Winget.Source_8wekyb3d8bbwe\Godot_v4.7.2-stable_win64.exe --headless --path E:\GPT\SM2 --script res://tools/check_checkpoint.gd -- --source E:\GPT\SM2\.local\foundation-3\verified\appdata\SM2\foundation\4096\survival_tissues.json --report E:\GPT\SM2\outputs\checkpoint-1\verified\report.json
RuntimeRoot: E:\GPT\SM2\.local\checkpoint-1\verified
Godot Engine v4.7.2.stable.official.ed1daf0bf - https://godotengine.org

CHECKPOINT legacy_import_4096: 70651.055 ms
CHECKPOINT extend_to_4160: 5317.345 ms
CHECKPOINT save_4160: 1958.361 ms
CHECKPOINT load_4160: 553.162 ms
CHECKPOINT journal_4160: 19.966 ms
CHECKPOINT objective_4160: 1.071 ms
CHECKPOINT cold_campaign_open_4160: 1704.902 ms
CHECKPOINT_SCALE_OK


ExitCode: 0
